Archive member included because of file (symbol)

h:/working/windows_installs/winideaopen_old/gcc/arm/bin/../lib/gcc/arm-none-eabi/4.9.3/../../../../arm-none-eabi/lib/armv7-m\libc.a(lib_a-exit.o)
                              h:/working/windows_installs/winideaopen_old/gcc/arm/bin/../lib/gcc/arm-none-eabi/4.9.3/../../../../arm-none-eabi/lib/armv7-m/crt0.o (exit)
h:/working/windows_installs/winideaopen_old/gcc/arm/bin/../lib/gcc/arm-none-eabi/4.9.3/../../../../arm-none-eabi/lib/armv7-m\libc.a(lib_a-impure.o)
                              h:/working/windows_installs/winideaopen_old/gcc/arm/bin/../lib/gcc/arm-none-eabi/4.9.3/../../../../arm-none-eabi/lib/armv7-m\libc.a(lib_a-exit.o) (_global_impure_ptr)
h:/working/windows_installs/winideaopen_old/gcc/arm/bin/../lib/gcc/arm-none-eabi/4.9.3/../../../../arm-none-eabi/lib/armv7-m\libc.a(lib_a-init.o)
                              h:/working/windows_installs/winideaopen_old/gcc/arm/bin/../lib/gcc/arm-none-eabi/4.9.3/../../../../arm-none-eabi/lib/armv7-m/crt0.o (__libc_init_array)
h:/working/windows_installs/winideaopen_old/gcc/arm/bin/../lib/gcc/arm-none-eabi/4.9.3/../../../../arm-none-eabi/lib/armv7-m\libc.a(lib_a-memset.o)
                              h:/working/windows_installs/winideaopen_old/gcc/arm/bin/../lib/gcc/arm-none-eabi/4.9.3/../../../../arm-none-eabi/lib/armv7-m/crt0.o (memset)
h:/working/windows_installs/winideaopen_old/gcc/arm/bin/../lib/gcc/arm-none-eabi/4.9.3/../../../../arm-none-eabi/lib/armv7-m\libc.a(lib_a-syskill.o)
                              (kill)
h:/working/windows_installs/winideaopen_old/gcc/arm/bin/../lib/gcc/arm-none-eabi/4.9.3/../../../../arm-none-eabi/lib/armv7-m\libc.a(lib_a-__call_atexit.o)
                              h:/working/windows_installs/winideaopen_old/gcc/arm/bin/../lib/gcc/arm-none-eabi/4.9.3/../../../../arm-none-eabi/lib/armv7-m\libc.a(lib_a-exit.o) (__call_exitprocs)
h:/working/windows_installs/winideaopen_old/gcc/arm/bin/../lib/gcc/arm-none-eabi/4.9.3/../../../../arm-none-eabi/lib/armv7-m\libc.a(lib_a-atexit.o)
                              h:/working/windows_installs/winideaopen_old/gcc/arm/bin/../lib/gcc/arm-none-eabi/4.9.3/../../../../arm-none-eabi/lib/armv7-m\libc.a(lib_a-__call_atexit.o) (atexit)
h:/working/windows_installs/winideaopen_old/gcc/arm/bin/../lib/gcc/arm-none-eabi/4.9.3/../../../../arm-none-eabi/lib/armv7-m\libc.a(lib_a-fini.o)
                              h:/working/windows_installs/winideaopen_old/gcc/arm/bin/../lib/gcc/arm-none-eabi/4.9.3/../../../../arm-none-eabi/lib/armv7-m\libc.a(lib_a-__call_atexit.o) (__libc_fini_array)
h:/working/windows_installs/winideaopen_old/gcc/arm/bin/../lib/gcc/arm-none-eabi/4.9.3/../../../../arm-none-eabi/lib/armv7-m\libc.a(lib_a-signalr.o)
                              h:/working/windows_installs/winideaopen_old/gcc/arm/bin/../lib/gcc/arm-none-eabi/4.9.3/../../../../arm-none-eabi/lib/armv7-m\libc.a(lib_a-syskill.o) (_kill_r)
h:/working/windows_installs/winideaopen_old/gcc/arm/bin/../lib/gcc/arm-none-eabi/4.9.3/../../../../arm-none-eabi/lib/armv7-m\libc.a(lib_a-__atexit.o)
                              h:/working/windows_installs/winideaopen_old/gcc/arm/bin/../lib/gcc/arm-none-eabi/4.9.3/../../../../arm-none-eabi/lib/armv7-m\libc.a(lib_a-atexit.o) (__register_exitproc)
h:/working/windows_installs/winideaopen_old/gcc/arm/bin/../lib/gcc/arm-none-eabi/4.9.3/../../../../arm-none-eabi/lib/armv7-m\libc.a(lib_a-reent.o)
                              h:/working/windows_installs/winideaopen_old/gcc/arm/bin/../lib/gcc/arm-none-eabi/4.9.3/../../../../arm-none-eabi/lib/armv7-m\libc.a(lib_a-signalr.o) (errno)
h:/working/windows_installs/winideaopen_old/gcc/arm/bin/../lib/gcc/arm-none-eabi/4.9.3/../../../../arm-none-eabi/lib/armv7-m\libc.a(lib_a-freer.o)
                              h:/working/windows_installs/winideaopen_old/gcc/arm/bin/../lib/gcc/arm-none-eabi/4.9.3/../../../../arm-none-eabi/lib/armv7-m\libc.a(lib_a-reent.o) (_free_r)
h:/working/windows_installs/winideaopen_old/gcc/arm/bin/../lib/gcc/arm-none-eabi/4.9.3/../../../../arm-none-eabi/lib/armv7-m\libc.a(lib_a-mallocr.o)
                              h:/working/windows_installs/winideaopen_old/gcc/arm/bin/../lib/gcc/arm-none-eabi/4.9.3/../../../../arm-none-eabi/lib/armv7-m\libc.a(lib_a-freer.o) (__malloc_current_mallinfo)
h:/working/windows_installs/winideaopen_old/gcc/arm/bin/../lib/gcc/arm-none-eabi/4.9.3/../../../../arm-none-eabi/lib/armv7-m\libc.a(lib_a-mlock.o)
                              h:/working/windows_installs/winideaopen_old/gcc/arm/bin/../lib/gcc/arm-none-eabi/4.9.3/../../../../arm-none-eabi/lib/armv7-m\libc.a(lib_a-freer.o) (__malloc_lock)
h:/working/windows_installs/winideaopen_old/gcc/arm/bin/../lib/gcc/arm-none-eabi/4.9.3/../../../../arm-none-eabi/lib/armv7-m\libc.a(lib_a-sbrkr.o)
                              h:/working/windows_installs/winideaopen_old/gcc/arm/bin/../lib/gcc/arm-none-eabi/4.9.3/../../../../arm-none-eabi/lib/armv7-m\libc.a(lib_a-freer.o) (_sbrk_r)
[...]
Memory Configuration

Name             Origin             Length             Attributes
rom              0x00080000         0x00080000         xr
sram0            0x20000000         0x00010000         xrw
sram1            0x20080000         0x00008000         xrw
ram              0x20070000         0x00018000         xrw
*default*        0x00000000         0xffffffff

Linker script and memory map

LOAD h:/working/windows_installs/winideaopen_old/gcc/arm/bin/../lib/gcc/arm-none-eabi/4.9.3/armv7-m/crti.o
LOAD h:/working/windows_installs/winideaopen_old/gcc/arm/bin/../lib/gcc/arm-none-eabi/4.9.3/armv7-m/crtbegin.o
LOAD h:/working/windows_installs/winideaopen_old/gcc/arm/bin/../lib/gcc/arm-none-eabi/4.9.3/../../../../arm-none-eabi/lib/armv7-m/crt0.o
START GROUP
START GROUP
LOAD h:/working/windows_installs/winideaopen_old/gcc/arm/bin/../lib/gcc/arm-none-eabi/4.9.3/armv7-m\libgcc.a
LOAD h:/working/windows_installs/winideaopen_old/gcc/arm/bin/../lib/gcc/arm-none-eabi/4.9.3/../../../../arm-none-eabi/lib/armv7-m\libc.a
END GROUP
LOAD h:/working/windows_installs/winideaopen_old/gcc/arm/bin/../lib/gcc/arm-none-eabi/4.9.3/armv7-m/crtend.o
LOAD h:/working/windows_installs/winideaopen_old/gcc/arm/bin/../lib/gcc/arm-none-eabi/4.9.3/armv7-m/crtn.o
LOAD H:\Working\SeaMoss\Projects\2019\ArduinoIdea\WinIDEAOpen-ArduinoCore-Due\Debug\sketch.o
LOAD H:\Working\SeaMoss\Projects\2019\ArduinoIdea\WinIDEAOpen-ArduinoCore-Due\Debug\main.o
LOAD H:\Working\SeaMoss\Projects\2019\ArduinoIdea\WinIDEAOpen-ArduinoCore-Due\Debug\adc.o
LOAD H:\Working\SeaMoss\Projects\2019\ArduinoIdea\WinIDEAOpen-ArduinoCore-Due\Debug\watchdog.o
LOAD H:\Working\SeaMoss\Projects\2019\ArduinoIdea\WinIDEAOpen-ArduinoCore-Due\Debug\wiring.o
LOAD H:\Working\SeaMoss\Projects\2019\ArduinoIdea\WinIDEAOpen-ArduinoCore-Due\Debug\variant.o
LOAD H:\Working\SeaMoss\Projects\2019\ArduinoIdea\WinIDEAOpen-ArduinoCore-Due\Debug\wdt.o
LOAD H:\Working\SeaMoss\Projects\2019\ArduinoIdea\WinIDEAOpen-ArduinoCore-Due\Debug\UARTClass.o
LOAD H:\Working\SeaMoss\Projects\2019\ArduinoIdea\WinIDEAOpen-ArduinoCore-Due\Debug\system_sam3xa.o
LOAD H:\Working\SeaMoss\Projects\2019\ArduinoIdea\WinIDEAOpen-ArduinoCore-Due\Debug\wiring_digital.o
LOAD H:\Working\SeaMoss\Projects\2019\ArduinoIdea\WinIDEAOpen-ArduinoCore-Due\Debug\wiring_analog.o
LOAD H:\Working\SeaMoss\Projects\2019\ArduinoIdea\WinIDEAOpen-ArduinoCore-Due\Debug\dacc.o
LOAD H:\Working\SeaMoss\Projects\2019\ArduinoIdea\WinIDEAOpen-ArduinoCore-Due\Debug\Wire.o
LOAD H:\Working\SeaMoss\Projects\2019\ArduinoIdea\WinIDEAOpen-ArduinoCore-Due\Debug\timetick.o
LOAD H:\Working\SeaMoss\Projects\2019\ArduinoIdea\WinIDEAOpen-ArduinoCore-Due\Debug\hooks.o
LOAD H:\Working\SeaMoss\Projects\2019\ArduinoIdea\WinIDEAOpen-ArduinoCore-Due\Debug\pio.o
LOAD H:\Working\SeaMoss\Projects\2019\ArduinoIdea\WinIDEAOpen-ArduinoCore-Due\Debug\adc12_sam3u.o
LOAD H:\Working\SeaMoss\Projects\2019\ArduinoIdea\WinIDEAOpen-ArduinoCore-Due\Debug\can.o
LOAD H:\Working\SeaMoss\Projects\2019\ArduinoIdea\WinIDEAOpen-ArduinoCore-Due\Debug\efc.o
LOAD H:\Working\SeaMoss\Projects\2019\ArduinoIdea\WinIDEAOpen-ArduinoCore-Due\Debug\emac.o
LOAD H:\Working\SeaMoss\Projects\2019\ArduinoIdea\WinIDEAOpen-ArduinoCore-Due\Debug\gpbr.o
LOAD H:\Working\SeaMoss\Projects\2019\ArduinoIdea\WinIDEAOpen-ArduinoCore-Due\Debug\interrupt_sam_nvic.o
LOAD H:\Working\SeaMoss\Projects\2019\ArduinoIdea\WinIDEAOpen-ArduinoCore-Due\Debug\pmc.o
LOAD H:\Working\SeaMoss\Projects\2019\ArduinoIdea\WinIDEAOpen-ArduinoCore-Due\Debug\pwmc.o
LOAD H:\Working\SeaMoss\Projects\2019\ArduinoIdea\WinIDEAOpen-ArduinoCore-Due\Debug\rstc.o
LOAD H:\Working\SeaMoss\Projects\2019\ArduinoIdea\WinIDEAOpen-ArduinoCore-Due\Debug\rtc.o
LOAD H:\Working\SeaMoss\Projects\2019\ArduinoIdea\WinIDEAOpen-ArduinoCore-Due\Debug\rtt.o
LOAD H:\Working\SeaMoss\Projects\2019\ArduinoIdea\WinIDEAOpen-ArduinoCore-Due\Debug\spi.o
LOAD H:\Working\SeaMoss\Projects\2019\ArduinoIdea\WinIDEAOpen-ArduinoCore-Due\Debug\ssc.o
LOAD H:\Working\SeaMoss\Projects\2019\ArduinoIdea\WinIDEAOpen-ArduinoCore-Due\Debug\tc.o
LOAD H:\Working\SeaMoss\Projects\2019\ArduinoIdea\WinIDEAOpen-ArduinoCore-Due\Debug\trng.o
LOAD H:\Working\SeaMoss\Projects\2019\ArduinoIdea\WinIDEAOpen-ArduinoCore-Due\Debug\twi.o
LOAD H:\Working\SeaMoss\Projects\2019\ArduinoIdea\WinIDEAOpen-ArduinoCore-Due\Debug\udp.o
LOAD H:\Working\SeaMoss\Projects\2019\ArduinoIdea\WinIDEAOpen-ArduinoCore-Due\Debug\udphs.o
LOAD H:\Working\SeaMoss\Projects\2019\ArduinoIdea\WinIDEAOpen-ArduinoCore-Due\Debug\uotghs.o
LOAD H:\Working\SeaMoss\Projects\2019\ArduinoIdea\WinIDEAOpen-ArduinoCore-Due\Debug\uotghs_device.o
LOAD H:\Working\SeaMoss\Projects\2019\ArduinoIdea\WinIDEAOpen-ArduinoCore-Due\Debug\uotghs_host.o
LOAD H:\Working\SeaMoss\Projects\2019\ArduinoIdea\WinIDEAOpen-ArduinoCore-Due\Debug\usart.o
LOAD H:\Working\SeaMoss\Projects\2019\ArduinoIdea\WinIDEAOpen-ArduinoCore-Due\Debug\abi.o
LOAD H:\Working\SeaMoss\Projects\2019\ArduinoIdea\WinIDEAOpen-ArduinoCore-Due\Debug\cortex_handlers.o
LOAD H:\Working\SeaMoss\Projects\2019\ArduinoIdea\WinIDEAOpen-ArduinoCore-Due\Debug\iar_calls_sam3.o
LOAD H:\Working\SeaMoss\Projects\2019\ArduinoIdea\WinIDEAOpen-ArduinoCore-Due\Debug\IPAddress.o
LOAD H:\Working\SeaMoss\Projects\2019\ArduinoIdea\WinIDEAOpen-ArduinoCore-Due\Debug\itoa.o
LOAD H:\Working\SeaMoss\Projects\2019\ArduinoIdea\WinIDEAOpen-ArduinoCore-Due\Debug\new.o
LOAD H:\Working\SeaMoss\Projects\2019\ArduinoIdea\WinIDEAOpen-ArduinoCore-Due\Debug\Print.o
LOAD H:\Working\SeaMoss\Projects\2019\ArduinoIdea\WinIDEAOpen-ArduinoCore-Due\Debug\Reset.o
LOAD H:\Working\SeaMoss\Projects\2019\ArduinoIdea\WinIDEAOpen-ArduinoCore-Due\Debug\RingBuffer.o
LOAD H:\Working\SeaMoss\Projects\2019\ArduinoIdea\WinIDEAOpen-ArduinoCore-Due\Debug\Stream.o
LOAD H:\Working\SeaMoss\Projects\2019\ArduinoIdea\WinIDEAOpen-ArduinoCore-Due\Debug\syscalls_sam3.o
LOAD H:\Working\SeaMoss\Projects\2019\ArduinoIdea\WinIDEAOpen-ArduinoCore-Due\Debug\USARTClass.o
LOAD H:\Working\SeaMoss\Projects\2019\ArduinoIdea\WinIDEAOpen-ArduinoCore-Due\Debug\WInterrupts.o
LOAD H:\Working\SeaMoss\Projects\2019\ArduinoIdea\WinIDEAOpen-ArduinoCore-Due\Debug\wiring_pulse.o
LOAD H:\Working\SeaMoss\Projects\2019\ArduinoIdea\WinIDEAOpen-ArduinoCore-Due\Debug\wiring_pulse_asm.o
LOAD H:\Working\SeaMoss\Projects\2019\ArduinoIdea\WinIDEAOpen-ArduinoCore-Due\Debug\wiring_shift.o
LOAD H:\Working\SeaMoss\Projects\2019\ArduinoIdea\WinIDEAOpen-ArduinoCore-Due\Debug\String.o
LOAD H:\Working\SeaMoss\Projects\2019\ArduinoIdea\WinIDEAOpen-ArduinoCore-Due\Debug\Common.o
LOAD H:\Working\SeaMoss\Projects\2019\ArduinoIdea\WinIDEAOpen-ArduinoCore-Due\Debug\dtostrf.o
LOAD H:\Working\SeaMoss\Projects\2019\ArduinoIdea\WinIDEAOpen-ArduinoCore-Due\Debug\startup_sam3xa.o
LOAD H:\Working\SeaMoss\Projects\2019\ArduinoIdea\WinIDEAOpen-ArduinoCore-Due\Debug\HID.o

.text           0x00080000     0x4ecc
                0x00080000                . = ALIGN (0x4)
                0x00080000                _sfixed = .
 *(.vectors .vectors.*)
 .vectors       0x00080000       0xf4 H:\Working\SeaMoss\Projects\2019\ArduinoIdea\WinIDEAOpen-ArduinoCore-Due\Debug\startup_sam3xa.o
                0x00080000                exception_table
 *(.text .text.* .gnu.linkonce.t.*)
 .text          0x000800f4       0x5c h:/working/windows_installs/winideaopen_old/gcc/arm/bin/../lib/gcc/arm-none-eabi/4.9.3/armv7-m/crtbegin.o
 .text.__libc_init_array
                0x00080150       0x50 h:/working/windows_installs/winideaopen_old/gcc/arm/bin/../lib/gcc/arm-none-eabi/4.9.3/../../../../arm-none-eabi/lib/armv7-m\libc.a(lib_a-init.o)
                0x00080150                __libc_init_array
 .text.memset   0x000801a0       0x9c h:/working/windows_installs/winideaopen_old/gcc/arm/bin/../lib/gcc/arm-none-eabi/4.9.3/../../../../arm-none-eabi/lib/armv7-m\libc.a(lib_a-memset.o)
                0x000801a0                memset
 .text.kill     0x0008023c       0x10 h:/working/windows_installs/winideaopen_old/gcc/arm/bin/../lib/gcc/arm-none-eabi/4.9.3/../../../../arm-none-eabi/lib/armv7-m\libc.a(lib_a-syskill.o)
                0x0008023c                kill
 .text.startup.register_fini
                0x0008024c       0x14 h:/working/windows_installs/winideaopen_old/gcc/arm/bin/../lib/gcc/arm-none-eabi/4.9.3/../../../../arm-none-eabi/lib/armv7-m\libc.a(lib_a-__call_atexit.o)
 .text.atexit   0x00080260        0xc h:/working/windows_installs/winideaopen_old/gcc/arm/bin/../lib/gcc/arm-none-eabi/4.9.3/../../../../arm-none-eabi/lib/armv7-m\libc.a(lib_a-atexit.o)
                0x00080260                atexit
 .text.__libc_fini_array
                0x0008026c       0x2c h:/working/windows_installs/winideaopen_old/gcc/arm/bin/../lib/gcc/arm-none-eabi/4.9.3/../../../../arm-none-eabi/lib/armv7-m\libc.a(lib_a-fini.o)
                0x0008026c                __libc_fini_array
 .text._kill_r  0x00080298       0x28 h:/working/windows_installs/winideaopen_old/gcc/arm/bin/../lib/gcc/arm-none-eabi/4.9.3/../../../../arm-none-eabi/lib/armv7-m\libc.a(lib_a-signalr.o)
                0x00080298                _kill_r
 .text._getpid_r
                0x000802c0        0x4 h:/working/windows_installs/winideaopen_old/gcc/arm/bin/../lib/gcc/arm-none-eabi/4.9.3/../../../../arm-none-eabi/lib/armv7-m\libc.a(lib_a-signalr.o)
                0x000802c0                _getpid_r
 .text.__register_exitproc
                0x000802c4       0xa4 h:/working/windows_installs/winideaopen_old/gcc/arm/bin/../lib/gcc/arm-none-eabi/4.9.3/../../../../arm-none-eabi/lib/armv7-m\libc.a(lib_a-__atexit.o)
                0x000802c4                __register_exitproc
 .text._malloc_trim_r
                0x00080368       0x9c h:/working/windows_installs/winideaopen_old/gcc/arm/bin/../lib/gcc/arm-none-eabi/4.9.3/../../../../arm-none-eabi/lib/armv7-m\libc.a(lib_a-freer.o)
                0x00080368                _malloc_trim_r
 .text._free_r  0x00080404      0x1b0 h:/working/windows_installs/winideaopen_old/gcc/arm/bin/../lib/gcc/arm-none-eabi/4.9.3/../../../../arm-none-eabi/lib/armv7-m\libc.a(lib_a-freer.o)
                0x00080404                _free_r
 .text._malloc_r
                0x000805b4      0x50c h:/working/windows_installs/winideaopen_old/gcc/arm/bin/../lib/gcc/arm-none-eabi/4.9.3/../../../../arm-none-eabi/lib/armv7-m\libc.a(lib_a-mallocr.o)
                0x000805b4                _malloc_r
 .text.__malloc_lock
                0x00080ac0        0x4 h:/working/windows_installs/winideaopen_old/gcc/arm/bin/../lib/gcc/arm-none-eabi/4.9.3/../../../../arm-none-eabi/lib/armv7-m\libc.a(lib_a-mlock.o)
                0x00080ac0                __malloc_lock
 .text.__malloc_unlock
                0x00080ac4        0x4 h:/working/windows_installs/winideaopen_old/gcc/arm/bin/../lib/gcc/arm-none-eabi/4.9.3/../../../../arm-none-eabi/lib/armv7-m\libc.a(lib_a-mlock.o)
                0x00080ac4                __malloc_unlock
 .text._sbrk_r  0x00080ac8       0x24 h:/working/windows_installs/winideaopen_old/gcc/arm/bin/../lib/gcc/arm-none-eabi/4.9.3/../../../../arm-none-eabi/lib/armv7-m\libc.a(lib_a-sbrkr.o)
                0x00080ac8                _sbrk_r
 .text.setup    0x00080aec        0x8 H:\Working\SeaMoss\Projects\2019\ArduinoIdea\WinIDEAOpen-ArduinoCore-Due\Debug\sketch.o
                0x00080aec                setup
 .text.loop     0x00080af4       0x26 H:\Working\SeaMoss\Projects\2019\ArduinoIdea\WinIDEAOpen-ArduinoCore-Due\Debug\sketch.o
                0x00080af4                loop
 .text.initVariant
                0x00080b1a        0x2 H:\Working\SeaMoss\Projects\2019\ArduinoIdea\WinIDEAOpen-ArduinoCore-Due\Debug\main.o
                0x00080b1a                initVariant
 .text.startup.main
                0x00080b1c       0x2c H:\Working\SeaMoss\Projects\2019\ArduinoIdea\WinIDEAOpen-ArduinoCore-Due\Debug\main.o
                0x00080b1c                main
 .text.adc_init
                0x00080b48       0x94 H:\Working\SeaMoss\Projects\2019\ArduinoIdea\WinIDEAOpen-ArduinoCore-Due\Debug\adc.o
                0x00080b48                adc_init
 .text.adc_configure_trigger
                0x00080bdc       0x2c H:\Working\SeaMoss\Projects\2019\ArduinoIdea\WinIDEAOpen-ArduinoCore-Due\Debug\adc.o
                0x00080bdc                adc_configure_trigger
 .text.adc_configure_timing
                0x00080c08       0x1a H:\Working\SeaMoss\Projects\2019\ArduinoIdea\WinIDEAOpen-ArduinoCore-Due\Debug\adc.o
                0x00080c08                adc_configure_timing
 .text.adc_disable_channel
                0x00080c22        0x8 H:\Working\SeaMoss\Projects\2019\ArduinoIdea\WinIDEAOpen-ArduinoCore-Due\Debug\adc.o
                0x00080c22                adc_disable_channel
 .text.adc_disable_all_channel
                0x00080c2a        0x8 H:\Working\SeaMoss\Projects\2019\ArduinoIdea\WinIDEAOpen-ArduinoCore-Due\Debug\adc.o
                0x00080c2a                adc_disable_all_channel
 .text.adc_disable_interrupt
                0x00080c32        0x4 H:\Working\SeaMoss\Projects\2019\ArduinoIdea\WinIDEAOpen-ArduinoCore-Due\Debug\adc.o
                0x00080c32                adc_disable_interrupt
 *fill*         0x00080c36        0x2 
 .text._watchdogDefaultSetup
                0x00080c38        0xc H:\Working\SeaMoss\Projects\2019\ArduinoIdea\WinIDEAOpen-ArduinoCore-Due\Debug\watchdog.o
                0x00080c38                _watchdogDefaultSetup
                0x00080c38                watchdogSetup()
 .text.delay    0x00080c44       0x1c H:\Working\SeaMoss\Projects\2019\ArduinoIdea\WinIDEAOpen-ArduinoCore-Due\Debug\wiring.o
                0x00080c44                delay
 .text._Z11serialEventv
                0x00080c60        0x2 H:\Working\SeaMoss\Projects\2019\ArduinoIdea\WinIDEAOpen-ArduinoCore-Due\Debug\variant.o
                0x00080c60                serialEvent()
 *fill*         0x00080c62        0x2 
 .text.UART_Handler
                0x00080c64        0xc H:\Working\SeaMoss\Projects\2019\ArduinoIdea\WinIDEAOpen-ArduinoCore-Due\Debug\variant.o
                0x00080c64                UART_Handler
 .text._Z12serialEvent1v
                0x00080c70        0x2 H:\Working\SeaMoss\Projects\2019\ArduinoIdea\WinIDEAOpen-ArduinoCore-Due\Debug\variant.o
                0x00080c70                serialEvent1()
 .text._Z12serialEvent2v
                0x00080c72        0x2 H:\Working\SeaMoss\Projects\2019\ArduinoIdea\WinIDEAOpen-ArduinoCore-Due\Debug\variant.o
                0x00080c72                serialEvent2()
 .text._Z12serialEvent3v
                0x00080c74        0x2 H:\Working\SeaMoss\Projects\2019\ArduinoIdea\WinIDEAOpen-ArduinoCore-Due\Debug\variant.o
                0x00080c74                serialEvent3()
 *fill*         0x00080c76        0x2 
 .text.USART0_Handler
                0x00080c78        0xc H:\Working\SeaMoss\Projects\2019\ArduinoIdea\WinIDEAOpen-ArduinoCore-Due\Debug\variant.o
                0x00080c78                USART0_Handler
 .text.USART1_Handler
                0x00080c84        0xc H:\Working\SeaMoss\Projects\2019\ArduinoIdea\WinIDEAOpen-ArduinoCore-Due\Debug\variant.o
                0x00080c84                USART1_Handler
 .text.USART3_Handler
                0x00080c90        0xc H:\Working\SeaMoss\Projects\2019\ArduinoIdea\WinIDEAOpen-ArduinoCore-Due\Debug\variant.o
                0x00080c90                USART3_Handler
 .text.init     0x00080c9c      0x128 H:\Working\SeaMoss\Projects\2019\ArduinoIdea\WinIDEAOpen-ArduinoCore-Due\Debug\variant.o
                0x00080c9c                init
 .text.startup._GLOBAL__sub_I_g_APinDescription
                0x00080dc4       0xd4 H:\Working\SeaMoss\Projects\2019\ArduinoIdea\WinIDEAOpen-ArduinoCore-Due\Debug\variant.o
 .text._Z14serialEventRunv
                0x00080e98       0x44 H:\Working\SeaMoss\Projects\2019\ArduinoIdea\WinIDEAOpen-ArduinoCore-Due\Debug\variant.o
                0x00080e98                serialEventRun()
 .text.WDT_Disable
                0x00080edc        0x8 H:\Working\SeaMoss\Projects\2019\ArduinoIdea\WinIDEAOpen-ArduinoCore-Due\Debug\wdt.o
                0x00080edc                WDT_Disable
 .text._ZN9UARTClasscvbEv
                0x00080ee4        0x4 H:\Working\SeaMoss\Projects\2019\ArduinoIdea\WinIDEAOpen-ArduinoCore-Due\Debug\UARTClass.o
                0x00080ee4                UARTClass::operator bool()
 .text._ZN9UARTClass9availableEv
                0x00080ee8       0x12 H:\Working\SeaMoss\Projects\2019\ArduinoIdea\WinIDEAOpen-ArduinoCore-Due\Debug\UARTClass.o
                0x00080ee8                UARTClass::available()
 .text._ZN9UARTClass4peekEv
                0x00080efa       0x1c H:\Working\SeaMoss\Projects\2019\ArduinoIdea\WinIDEAOpen-ArduinoCore-Due\Debug\UARTClass.o
                0x00080efa                UARTClass::peek()
 .text._ZN9UARTClass4readEv
                0x00080f16       0x2a H:\Working\SeaMoss\Projects\2019\ArduinoIdea\WinIDEAOpen-ArduinoCore-Due\Debug\UARTClass.o
                0x00080f16                UARTClass::read()
 .text._ZN9UARTClass5flushEv
                0x00080f40       0x18 H:\Working\SeaMoss\Projects\2019\ArduinoIdea\WinIDEAOpen-ArduinoCore-Due\Debug\UARTClass.o
                0x00080f40                UARTClass::flush()
 .text._ZN9UARTClass5writeEh
                0x00080f58       0x58 H:\Working\SeaMoss\Projects\2019\ArduinoIdea\WinIDEAOpen-ArduinoCore-Due\Debug\UARTClass.o
                0x00080f58                UARTClass::write(unsigned char)
 .text._ZN9UARTClass3endEv
                0x00080fb0       0x3c H:\Working\SeaMoss\Projects\2019\ArduinoIdea\WinIDEAOpen-ArduinoCore-Due\Debug\UARTClass.o
                0x00080fb0                UARTClass::end()
 .text._ZN9UARTClassC2EP4Uart4IRQnmP10RingBufferS4_
                0x00080fec       0x24 H:\Working\SeaMoss\Projects\2019\ArduinoIdea\WinIDEAOpen-ArduinoCore-Due\Debug\UARTClass.o
                0x00080fec                UARTClass::UARTClass(Uart*, IRQn, unsigned long, RingBuffer*, RingBuffer*)
                0x00080fec                UARTClass::UARTClass(Uart*, IRQn, unsigned long, RingBuffer*, RingBuffer*)
 .text._ZN9UARTClass4initEmm
                0x00081010       0x70 H:\Working\SeaMoss\Projects\2019\ArduinoIdea\WinIDEAOpen-ArduinoCore-Due\Debug\UARTClass.o
                0x00081010                UARTClass::init(unsigned long, unsigned long)
 .text._ZN9UARTClass5beginEm
                0x00081080        0x8 H:\Working\SeaMoss\Projects\2019\ArduinoIdea\WinIDEAOpen-ArduinoCore-Due\Debug\UARTClass.o
                0x00081080                UARTClass::begin(unsigned long)
 .text._ZN9UARTClass10IrqHandlerEv
                0x00081088       0x5e H:\Working\SeaMoss\Projects\2019\ArduinoIdea\WinIDEAOpen-ArduinoCore-Due\Debug\UARTClass.o
                0x00081088                UARTClass::IrqHandler()
 *fill*         0x000810e6        0x2 
 .text.SystemInit
                0x000810e8       0x88 H:\Working\SeaMoss\Projects\2019\ArduinoIdea\WinIDEAOpen-ArduinoCore-Due\Debug\system_sam3xa.o
                0x000810e8                SystemInit
 .text.pinMode  0x00081170       0xf4 H:\Working\SeaMoss\Projects\2019\ArduinoIdea\WinIDEAOpen-ArduinoCore-Due\Debug\wiring_digital.o
                0x00081170                pinMode
 .text.digitalWrite
                0x00081264       0x70 H:\Working\SeaMoss\Projects\2019\ArduinoIdea\WinIDEAOpen-ArduinoCore-Due\Debug\wiring_digital.o
                0x00081264                digitalWrite
 .text.analogOutputInit
                0x000812d4        0x2 H:\Working\SeaMoss\Projects\2019\ArduinoIdea\WinIDEAOpen-ArduinoCore-Due\Debug\wiring_analog.o
                0x000812d4                analogOutputInit
 .text._ZN7TwoWire5writeEPKhj
                0x000812d6       0x50 H:\Working\SeaMoss\Projects\2019\ArduinoIdea\WinIDEAOpen-ArduinoCore-Due\Debug\Wire.o
                0x000812d6                TwoWire::write(unsigned char const*, unsigned int)
 .text._ZN7TwoWire9availableEv
                0x00081326        0xc H:\Working\SeaMoss\Projects\2019\ArduinoIdea\WinIDEAOpen-ArduinoCore-Due\Debug\Wire.o
                0x00081326                TwoWire::available()
 .text._ZN7TwoWire4readEv
                0x00081332       0x1e H:\Working\SeaMoss\Projects\2019\ArduinoIdea\WinIDEAOpen-ArduinoCore-Due\Debug\Wire.o
                0x00081332                TwoWire::read()
 .text._ZN7TwoWire4peekEv
                0x00081350       0x16 H:\Working\SeaMoss\Projects\2019\ArduinoIdea\WinIDEAOpen-ArduinoCore-Due\Debug\Wire.o
                0x00081350                TwoWire::peek()
 .text._ZN7TwoWire5flushEv
                0x00081366        0x2 H:\Working\SeaMoss\Projects\2019\ArduinoIdea\WinIDEAOpen-ArduinoCore-Due\Debug\Wire.o
                0x00081366                TwoWire::flush()
 .text._ZN7TwoWire5writeEh
                0x00081368       0x3a H:\Working\SeaMoss\Projects\2019\ArduinoIdea\WinIDEAOpen-ArduinoCore-Due\Debug\Wire.o
                0x00081368                TwoWire::write(unsigned char)
 *fill*         0x000813a2        0x2 
 .text._ZL10Wire1_Initv
                0x000813a4       0x54 H:\Working\SeaMoss\Projects\2019\ArduinoIdea\WinIDEAOpen-ArduinoCore-Due\Debug\Wire.o
 .text._ZL12Wire1_Deinitv
                0x000813f8       0x18 H:\Working\SeaMoss\Projects\2019\ArduinoIdea\WinIDEAOpen-ArduinoCore-Due\Debug\Wire.o
 .text._ZL9Wire_Initv
                0x00081410       0x54 H:\Working\SeaMoss\Projects\2019\ArduinoIdea\WinIDEAOpen-ArduinoCore-Due\Debug\Wire.o
 .text._ZL11Wire_Deinitv
                0x00081464       0x18 H:\Working\SeaMoss\Projects\2019\ArduinoIdea\WinIDEAOpen-ArduinoCore-Due\Debug\Wire.o
 .text._ZN7TwoWireC2EP3TwiPFvvES3_
                0x0008147c       0x48 H:\Working\SeaMoss\Projects\2019\ArduinoIdea\WinIDEAOpen-ArduinoCore-Due\Debug\Wire.o
                0x0008147c                TwoWire::TwoWire(Twi*, void (*)(), void (*)())
                0x0008147c                TwoWire::TwoWire(Twi*, void (*)(), void (*)())
 .text._ZN7TwoWire9onServiceEv
                0x000814c4      0x11c H:\Working\SeaMoss\Projects\2019\ArduinoIdea\WinIDEAOpen-ArduinoCore-Due\Debug\Wire.o
                0x000814c4                TwoWire::onService()
 .text.TWI1_Handler
                0x000815e0        0xc H:\Working\SeaMoss\Projects\2019\ArduinoIdea\WinIDEAOpen-ArduinoCore-Due\Debug\Wire.o
                0x000815e0                TWI1_Handler
 .text.TWI0_Handler
                0x000815ec        0xc H:\Working\SeaMoss\Projects\2019\ArduinoIdea\WinIDEAOpen-ArduinoCore-Due\Debug\Wire.o
                0x000815ec                TWI0_Handler
 .text.startup._GLOBAL__sub_I__ZN7TwoWireC2EP3TwiPFvvES3_
                0x000815f8       0x40 H:\Working\SeaMoss\Projects\2019\ArduinoIdea\WinIDEAOpen-ArduinoCore-Due\Debug\Wire.o
 .text.TimeTick_Increment
                0x00081638       0x10 H:\Working\SeaMoss\Projects\2019\ArduinoIdea\WinIDEAOpen-ArduinoCore-Due\Debug\timetick.o
                0x00081638                TimeTick_Increment
 .text.GetTickCount
                0x00081648        0xc H:\Working\SeaMoss\Projects\2019\ArduinoIdea\WinIDEAOpen-ArduinoCore-Due\Debug\timetick.o
                0x00081648                GetTickCount
 .text.__empty  0x00081654        0x2 H:\Working\SeaMoss\Projects\2019\ArduinoIdea\WinIDEAOpen-ArduinoCore-Due\Debug\hooks.o
                0x00081654                yield
 .text.__false  0x00081656        0x4 H:\Working\SeaMoss\Projects\2019\ArduinoIdea\WinIDEAOpen-ArduinoCore-Due\Debug\hooks.o
                0x00081656                sysTickHook
 .text.__halt   0x0008165a        0x2 H:\Working\SeaMoss\Projects\2019\ArduinoIdea\WinIDEAOpen-ArduinoCore-Due\Debug\hooks.o
                0x0008165a                svcHook
                0x0008165a                pendSVHook
 .text.PIO_PullUp
                0x0008165c        0xa H:\Working\SeaMoss\Projects\2019\ArduinoIdea\WinIDEAOpen-ArduinoCore-Due\Debug\pio.o
                0x0008165c                PIO_PullUp
 .text.PIO_SetPeripheral
                0x00081666       0x26 H:\Working\SeaMoss\Projects\2019\ArduinoIdea\WinIDEAOpen-ArduinoCore-Due\Debug\pio.o
                0x00081666                PIO_SetPeripheral
 .text.PIO_SetInput
                0x0008168c       0x26 H:\Working\SeaMoss\Projects\2019\ArduinoIdea\WinIDEAOpen-ArduinoCore-Due\Debug\pio.o
                0x0008168c                PIO_SetInput
 .text.PIO_SetOutput
                0x000816b2       0x24 H:\Working\SeaMoss\Projects\2019\ArduinoIdea\WinIDEAOpen-ArduinoCore-Due\Debug\pio.o
                0x000816b2                PIO_SetOutput
 .text.PIO_Configure
                0x000816d6       0x56 H:\Working\SeaMoss\Projects\2019\ArduinoIdea\WinIDEAOpen-ArduinoCore-Due\Debug\pio.o
                0x000816d6                PIO_Configure
 .text.PIO_GetOutputDataStatus
                0x0008172c       0x14 H:\Working\SeaMoss\Projects\2019\ArduinoIdea\WinIDEAOpen-ArduinoCore-Due\Debug\pio.o
                0x0008172c                PIO_GetOutputDataStatus
 .text.pmc_enable_periph_clk
                0x00081740       0x3c H:\Working\SeaMoss\Projects\2019\ArduinoIdea\WinIDEAOpen-ArduinoCore-Due\Debug\pmc.o
                0x00081740                pmc_enable_periph_clk
 .text.pmc_disable_periph_clk
                0x0008177c       0x3c H:\Working\SeaMoss\Projects\2019\ArduinoIdea\WinIDEAOpen-ArduinoCore-Due\Debug\pmc.o
                0x0008177c                pmc_disable_periph_clk
 .text.TWI_ReadByte
                0x000817b8       0x24 H:\Working\SeaMoss\Projects\2019\ArduinoIdea\WinIDEAOpen-ArduinoCore-Due\Debug\twi.o
                0x000817b8                TWI_ReadByte
 .text.TWI_WriteByte
                0x000817dc       0x20 H:\Working\SeaMoss\Projects\2019\ArduinoIdea\WinIDEAOpen-ArduinoCore-Due\Debug\twi.o
                0x000817dc                TWI_WriteByte
 .text.TWI_EnableIt
                0x000817fc       0x3c H:\Working\SeaMoss\Projects\2019\ArduinoIdea\WinIDEAOpen-ArduinoCore-Due\Debug\twi.o
                0x000817fc                TWI_EnableIt
 .text.TWI_DisableIt
                0x00081838       0x3c H:\Working\SeaMoss\Projects\2019\ArduinoIdea\WinIDEAOpen-ArduinoCore-Due\Debug\twi.o
                0x00081838                TWI_DisableIt
 .text.TWI_GetStatus
                0x00081874       0x24 H:\Working\SeaMoss\Projects\2019\ArduinoIdea\WinIDEAOpen-ArduinoCore-Due\Debug\twi.o
                0x00081874                TWI_GetStatus
 .text.UOTGHS_Handler
                0x00081898       0x10 H:\Working\SeaMoss\Projects\2019\ArduinoIdea\WinIDEAOpen-ArduinoCore-Due\Debug\uotghs.o
                0x00081898                UOTGHS_Handler
 .text.__halt   0x000818a8        0x2 H:\Working\SeaMoss\Projects\2019\ArduinoIdea\WinIDEAOpen-ArduinoCore-Due\Debug\cortex_handlers.o
                0x000818a8                DACC_Handler
                0x000818a8                DebugMon_Handler
                0x000818a8                DMAC_Handler
                0x000818a8                TRNG_Handler
                0x000818a8                HardFault_Handler
                0x000818a8                TC2_Handler
                0x000818a8                NMI_Handler
                0x000818a8                TC7_Handler
                0x000818a8                ADC_Handler
                0x000818a8                SMC_Handler
                0x000818a8                RTT_Handler
                0x000818a8                EFC1_Handler
                0x000818a8                RTC_Handler
                0x000818a8                UsageFault_Handler
                0x000818a8                TC6_Handler
                0x000818a8                WDT_Handler
                0x000818a8                CAN0_Handler
                0x000818a8                TC4_Handler
                0x000818a8                TC1_Handler
                0x000818a8                HSMCI_Handler
                0x000818a8                TC3_Handler
                0x000818a8                SSC_Handler
                0x000818a8                EFC0_Handler
                0x000818a8                PMC_Handler
                0x000818a8                PWM_Handler
                0x000818a8                CAN1_Handler
                0x000818a8                MemManage_Handler
                0x000818a8                SUPC_Handler
                0x000818a8                TC8_Handler
                0x000818a8                USART2_Handler
                0x000818a8                EMAC_Handler
                0x000818a8                BusFault_Handler
                0x000818a8                RSTC_Handler
                0x000818a8                TC0_Handler
                0x000818a8                TC5_Handler
                0x000818a8                SPI0_Handler
 .text.SVC_Handler
                0x000818aa        0x4 H:\Working\SeaMoss\Projects\2019\ArduinoIdea\WinIDEAOpen-ArduinoCore-Due\Debug\cortex_handlers.o
                0x000818aa                SVC_Handler
 .text.PendSV_Handler
                0x000818ae        0x4 H:\Working\SeaMoss\Projects\2019\ArduinoIdea\WinIDEAOpen-ArduinoCore-Due\Debug\cortex_handlers.o
                0x000818ae                PendSV_Handler
 .text.SysTick_Handler
                0x000818b2       0x16 H:\Working\SeaMoss\Projects\2019\ArduinoIdea\WinIDEAOpen-ArduinoCore-Due\Debug\cortex_handlers.o
                0x000818b2                SysTick_Handler
 .text._ZNK9IPAddress7printToER5Print
                0x000818c8       0x3e H:\Working\SeaMoss\Projects\2019\ArduinoIdea\WinIDEAOpen-ArduinoCore-Due\Debug\IPAddress.o
                0x000818c8                IPAddress::printTo(Print&) const
 *fill*         0x00081906        0x2 
 .text.startup._GLOBAL__sub_I__ZN9IPAddressC2Ev
                0x00081908       0x1c H:\Working\SeaMoss\Projects\2019\ArduinoIdea\WinIDEAOpen-ArduinoCore-Due\Debug\IPAddress.o
 .text._ZN5Print5writeEPKhj
                0x00081924       0x2c H:\Working\SeaMoss\Projects\2019\ArduinoIdea\WinIDEAOpen-ArduinoCore-Due\Debug\Print.o
                0x00081924                Print::write(unsigned char const*, unsigned int)
 .text._ZN5Print5writeEPKc
                0x00081950       0x20 H:\Working\SeaMoss\Projects\2019\ArduinoIdea\WinIDEAOpen-ArduinoCore-Due\Debug\Print.o
                0x00081950                Print::write(char const*)
 .text._ZN5Print5printEc
                0x00081970        0x6 H:\Working\SeaMoss\Projects\2019\ArduinoIdea\WinIDEAOpen-ArduinoCore-Due\Debug\Print.o
                0x00081970                Print::print(char)
 .text._ZN5Print11printNumberEmh
                0x00081976       0x3e H:\Working\SeaMoss\Projects\2019\ArduinoIdea\WinIDEAOpen-ArduinoCore-Due\Debug\Print.o
                0x00081976                Print::printNumber(unsigned long, unsigned char)
 .text._ZN5Print5printEmi
                0x000819b4       0x1a H:\Working\SeaMoss\Projects\2019\ArduinoIdea\WinIDEAOpen-ArduinoCore-Due\Debug\Print.o
                0x000819b4                Print::print(unsigned long, int)
 .text._ZN5Print5printEhi
                0x000819ce        0x4 H:\Working\SeaMoss\Projects\2019\ArduinoIdea\WinIDEAOpen-ArduinoCore-Due\Debug\Print.o
                0x000819ce                Print::print(unsigned char, int)
 *fill*         0x000819d2        0x2 
 .text.tickReset
                0x000819d4       0x20 H:\Working\SeaMoss\Projects\2019\ArduinoIdea\WinIDEAOpen-ArduinoCore-Due\Debug\Reset.o
                0x000819d4                tickReset
 .text._ZN10RingBufferC2Ev
                0x000819f4       0x1a H:\Working\SeaMoss\Projects\2019\ArduinoIdea\WinIDEAOpen-ArduinoCore-Due\Debug\RingBuffer.o
                0x000819f4                RingBuffer::RingBuffer()
                0x000819f4                RingBuffer::RingBuffer()
 .text._ZN10RingBuffer10store_charEh
                0x00081a0e       0x1e H:\Working\SeaMoss\Projects\2019\ArduinoIdea\WinIDEAOpen-ArduinoCore-Due\Debug\RingBuffer.o
                0x00081a0e                RingBuffer::store_char(unsigned char)
 .text._sbrk    0x00081a2c       0x1c H:\Working\SeaMoss\Projects\2019\ArduinoIdea\WinIDEAOpen-ArduinoCore-Due\Debug\syscalls_sam3.o
                0x00081a2c                _sbrk
 .text._close   0x00081a48        0x6 H:\Working\SeaMoss\Projects\2019\ArduinoIdea\WinIDEAOpen-ArduinoCore-Due\Debug\syscalls_sam3.o
                0x00081a48                _close
 .text._fstat   0x00081a4e        0xa H:\Working\SeaMoss\Projects\2019\ArduinoIdea\WinIDEAOpen-ArduinoCore-Due\Debug\syscalls_sam3.o
                0x00081a4e                _fstat
 .text._isatty  0x00081a58        0x4 H:\Working\SeaMoss\Projects\2019\ArduinoIdea\WinIDEAOpen-ArduinoCore-Due\Debug\syscalls_sam3.o
                0x00081a58                _isatty
 .text._lseek   0x00081a5c        0x4 H:\Working\SeaMoss\Projects\2019\ArduinoIdea\WinIDEAOpen-ArduinoCore-Due\Debug\syscalls_sam3.o
                0x00081a5c                _lseek
 .text._read    0x00081a60        0x4 H:\Working\SeaMoss\Projects\2019\ArduinoIdea\WinIDEAOpen-ArduinoCore-Due\Debug\syscalls_sam3.o
                0x00081a60                _read
 .text._write   0x00081a64       0x24 H:\Working\SeaMoss\Projects\2019\ArduinoIdea\WinIDEAOpen-ArduinoCore-Due\Debug\syscalls_sam3.o
                0x00081a64                _write
 .text._exit    0x00081a88        0x2 H:\Working\SeaMoss\Projects\2019\ArduinoIdea\WinIDEAOpen-ArduinoCore-Due\Debug\syscalls_sam3.o
                0x00081a88                _exit
 .text._kill    0x00081a8a        0x2 H:\Working\SeaMoss\Projects\2019\ArduinoIdea\WinIDEAOpen-ArduinoCore-Due\Debug\syscalls_sam3.o
                0x00081a8a                _kill
 .text._getpid  0x00081a8c        0x6 H:\Working\SeaMoss\Projects\2019\ArduinoIdea\WinIDEAOpen-ArduinoCore-Due\Debug\syscalls_sam3.o
                0x00081a8c                _getpid
 .text._ZN10USARTClass5beginEm
                0x00081a92        0x8 H:\Working\SeaMoss\Projects\2019\ArduinoIdea\WinIDEAOpen-ArduinoCore-Due\Debug\USARTClass.o
                0x00081a92                USARTClass::begin(unsigned long)
 *fill*         0x00081a9a        0x2 
 .text._ZN10USARTClassC2EP5Usart4IRQnmP10RingBufferS4_
                0x00081a9c       0x24 H:\Working\SeaMoss\Projects\2019\ArduinoIdea\WinIDEAOpen-ArduinoCore-Due\Debug\USARTClass.o
                0x00081a9c                USARTClass::USARTClass(Usart*, IRQn, unsigned long, RingBuffer*, RingBuffer*)
                0x00081a9c                USARTClass::USARTClass(Usart*, IRQn, unsigned long, RingBuffer*, RingBuffer*)
 .text.PIOA_Handler
                0x00081ac0       0x34 H:\Working\SeaMoss\Projects\2019\ArduinoIdea\WinIDEAOpen-ArduinoCore-Due\Debug\WInterrupts.o
                0x00081ac0                PIOA_Handler
 .text.PIOB_Handler
                0x00081af4       0x34 H:\Working\SeaMoss\Projects\2019\ArduinoIdea\WinIDEAOpen-ArduinoCore-Due\Debug\WInterrupts.o
                0x00081af4                PIOB_Handler
 .text.PIOC_Handler
                0x00081b28       0x34 H:\Working\SeaMoss\Projects\2019\ArduinoIdea\WinIDEAOpen-ArduinoCore-Due\Debug\WInterrupts.o
                0x00081b28                PIOC_Handler
 .text.PIOD_Handler
                0x00081b5c       0x34 H:\Working\SeaMoss\Projects\2019\ArduinoIdea\WinIDEAOpen-ArduinoCore-Due\Debug\WInterrupts.o
                0x00081b5c                PIOD_Handler
 .text.Reset_Handler
                0x00081b90       0x74 H:\Working\SeaMoss\Projects\2019\ArduinoIdea\WinIDEAOpen-ArduinoCore-Due\Debug\startup_sam3xa.o
                0x00081b90                Reset_Handler
 .text.__assert_func
                0x00081c04       0x3c h:/working/windows_installs/winideaopen_old/gcc/arm/bin/../lib/gcc/arm-none-eabi/4.9.3/../../../../arm-none-eabi/lib/armv7-m\libc.a(lib_a-assert.o)
                0x00081c04                __assert_func
 .text.fiprintf
                0x00081c40       0x28 h:/working/windows_installs/winideaopen_old/gcc/arm/bin/../lib/gcc/arm-none-eabi/4.9.3/../../../../arm-none-eabi/lib/armv7-m\libc.a(lib_a-fiprintf.o)
                0x00081c40                fiprintf
 .text.malloc   0x00081c68       0x10 h:/working/windows_installs/winideaopen_old/gcc/arm/bin/../lib/gcc/arm-none-eabi/4.9.3/../../../../arm-none-eabi/lib/armv7-m\libc.a(lib_a-malloc.o)
                0x00081c68                malloc
 .text          0x00081c78       0xec h:/working/windows_installs/winideaopen_old/gcc/arm/bin/../lib/gcc/arm-none-eabi/4.9.3/../../../../arm-none-eabi/lib/armv7-m\libc.a(lib_a-memcpy.o)
                0x00081c78                memcpy
 .text.memmove  0x00081d64       0xc8 h:/working/windows_installs/winideaopen_old/gcc/arm/bin/../lib/gcc/arm-none-eabi/4.9.3/../../../../arm-none-eabi/lib/armv7-m\libc.a(lib_a-memmove.o)
                0x00081d64                memmove
 .text._realloc_r
                0x00081e2c      0x3e0 h:/working/windows_installs/winideaopen_old/gcc/arm/bin/../lib/gcc/arm-none-eabi/4.9.3/../../../../arm-none-eabi/lib/armv7-m\libc.a(lib_a-reallocr.o)
                0x00081e2c                _realloc_r
 .text.strlen   0x0008220c       0x5c h:/working/windows_installs/winideaopen_old/gcc/arm/bin/../lib/gcc/arm-none-eabi/4.9.3/../../../../arm-none-eabi/lib/armv7-m\libc.a(lib_a-strlen.o)
                0x0008220c                strlen
 .text.__sprint_r.part.0
                0x00082268       0x78 h:/working/windows_installs/winideaopen_old/gcc/arm/bin/../lib/gcc/arm-none-eabi/4.9.3/../../../../arm-none-eabi/lib/armv7-m\libc.a(lib_a-vfiprintf.o)
 .text._vfiprintf_r
                0x000822e0      0xc10 h:/working/windows_installs/winideaopen_old/gcc/arm/bin/../lib/gcc/arm-none-eabi/4.9.3/../../../../arm-none-eabi/lib/armv7-m\libc.a(lib_a-vfiprintf.o)
                0x000822e0                _vfiprintf_r
 .text.__sbprintf
                0x00082ef0       0x7c h:/working/windows_installs/winideaopen_old/gcc/arm/bin/../lib/gcc/arm-none-eabi/4.9.3/../../../../arm-none-eabi/lib/armv7-m\libc.a(lib_a-vfiprintf.o)
 .text.__swsetup_r
                0x00082f6c       0xc4 h:/working/windows_installs/winideaopen_old/gcc/arm/bin/../lib/gcc/arm-none-eabi/4.9.3/../../../../arm-none-eabi/lib/armv7-m\libc.a(lib_a-wsetup.o)
                0x00082f6c                __swsetup_r
 .text.abort    0x00083030       0x10 h:/working/windows_installs/winideaopen_old/gcc/arm/bin/../lib/gcc/arm-none-eabi/4.9.3/../../../../arm-none-eabi/lib/armv7-m\libc.a(lib_a-abort.o)
                0x00083030                abort
 .text.__sflush_r
                0x00083040      0x148 h:/working/windows_installs/winideaopen_old/gcc/arm/bin/../lib/gcc/arm-none-eabi/4.9.3/../../../../arm-none-eabi/lib/armv7-m\libc.a(lib_a-fflush.o)
                0x00083040                __sflush_r
 .text._fflush_r
                0x00083188       0x2c h:/working/windows_installs/winideaopen_old/gcc/arm/bin/../lib/gcc/arm-none-eabi/4.9.3/../../../../arm-none-eabi/lib/armv7-m\libc.a(lib_a-fflush.o)
                0x00083188                _fflush_r
 .text._cleanup_r
                0x000831b4        0xc h:/working/windows_installs/winideaopen_old/gcc/arm/bin/../lib/gcc/arm-none-eabi/4.9.3/../../../../arm-none-eabi/lib/armv7-m\libc.a(lib_a-findfp.o)
                0x000831b4                _cleanup_r
 .text.__sinit.part.1
                0x000831c0       0xf0 h:/working/windows_installs/winideaopen_old/gcc/arm/bin/../lib/gcc/arm-none-eabi/4.9.3/../../../../arm-none-eabi/lib/armv7-m\libc.a(lib_a-findfp.o)
 .text.__sinit  0x000832b0        0xc h:/working/windows_installs/winideaopen_old/gcc/arm/bin/../lib/gcc/arm-none-eabi/4.9.3/../../../../arm-none-eabi/lib/armv7-m\libc.a(lib_a-findfp.o)
                0x000832b0                __sinit
 .text.__sfp_lock_acquire
                0x000832bc        0x4 h:/working/windows_installs/winideaopen_old/gcc/arm/bin/../lib/gcc/arm-none-eabi/4.9.3/../../../../arm-none-eabi/lib/armv7-m\libc.a(lib_a-findfp.o)
                0x000832bc                __sfp_lock_acquire
 .text.__sfp_lock_release
                0x000832c0        0x4 h:/working/windows_installs/winideaopen_old/gcc/arm/bin/../lib/gcc/arm-none-eabi/4.9.3/../../../../arm-none-eabi/lib/armv7-m\libc.a(lib_a-findfp.o)
                0x000832c0                __sfp_lock_release
 .text.__fputwc
                0x000832c4       0xb0 h:/working/windows_installs/winideaopen_old/gcc/arm/bin/../lib/gcc/arm-none-eabi/4.9.3/../../../../arm-none-eabi/lib/armv7-m\libc.a(lib_a-fputwc.o)
                0x000832c4                __fputwc
 .text._fputwc_r
                0x00083374       0x24 h:/working/windows_installs/winideaopen_old/gcc/arm/bin/../lib/gcc/arm-none-eabi/4.9.3/../../../../arm-none-eabi/lib/armv7-m\libc.a(lib_a-fputwc.o)
                0x00083374                _fputwc_r
 .text.__sfvwrite_r
                0x00083398      0x320 h:/working/windows_installs/winideaopen_old/gcc/arm/bin/../lib/gcc/arm-none-eabi/4.9.3/../../../../arm-none-eabi/lib/armv7-m\libc.a(lib_a-fvwrite.o)
                0x00083398                __sfvwrite_r
 .text._fwalk_reent
                0x000836b8       0x50 h:/working/windows_installs/winideaopen_old/gcc/arm/bin/../lib/gcc/arm-none-eabi/4.9.3/../../../../arm-none-eabi/lib/armv7-m\libc.a(lib_a-fwalk.o)
                0x000836b8                _fwalk_reent
 .text.__locale_charset
                0x00083708        0x8 h:/working/windows_installs/winideaopen_old/gcc/arm/bin/../lib/gcc/arm-none-eabi/4.9.3/../../../../arm-none-eabi/lib/armv7-m\libc.a(lib_a-locale.o)
                0x00083708                __locale_charset
 .text.__locale_mb_cur_max
                0x00083710        0xc h:/working/windows_installs/winideaopen_old/gcc/arm/bin/../lib/gcc/arm-none-eabi/4.9.3/../../../../arm-none-eabi/lib/armv7-m\libc.a(lib_a-locale.o)
                0x00083710                __locale_mb_cur_max
 .text.__smakebuf_r
                0x0008371c       0xe0 h:/working/windows_installs/winideaopen_old/gcc/arm/bin/../lib/gcc/arm-none-eabi/4.9.3/../../../../arm-none-eabi/lib/armv7-m\libc.a(lib_a-makebuf.o)
                0x0008371c                __smakebuf_r
 .text.memchr   0x000837fc       0x94 h:/working/windows_installs/winideaopen_old/gcc/arm/bin/../lib/gcc/arm-none-eabi/4.9.3/../../../../arm-none-eabi/lib/armv7-m\libc.a(lib_a-memchr.o)
                0x000837fc                memchr
 .text._raise_r
                0x00083890       0x58 h:/working/windows_installs/winideaopen_old/gcc/arm/bin/../lib/gcc/arm-none-eabi/4.9.3/../../../../arm-none-eabi/lib/armv7-m\libc.a(lib_a-signal.o)
                0x00083890                _raise_r
 .text.raise    0x000838e8       0x10 h:/working/windows_installs/winideaopen_old/gcc/arm/bin/../lib/gcc/arm-none-eabi/4.9.3/../../../../arm-none-eabi/lib/armv7-m\libc.a(lib_a-signal.o)
                0x000838e8                raise
 .text.__sread  0x000838f8       0x24 h:/working/windows_installs/winideaopen_old/gcc/arm/bin/../lib/gcc/arm-none-eabi/4.9.3/../../../../arm-none-eabi/lib/armv7-m\libc.a(lib_a-stdio.o)
                0x000838f8                __sread
 .text.__swrite
                0x0008391c       0x38 h:/working/windows_installs/winideaopen_old/gcc/arm/bin/../lib/gcc/arm-none-eabi/4.9.3/../../../../arm-none-eabi/lib/armv7-m\libc.a(lib_a-stdio.o)
                0x0008391c                __swrite
 .text.__sseek  0x00083954       0x20 h:/working/windows_installs/winideaopen_old/gcc/arm/bin/../lib/gcc/arm-none-eabi/4.9.3/../../../../arm-none-eabi/lib/armv7-m\libc.a(lib_a-stdio.o)
                0x00083954                __sseek
 .text.__sclose
                0x00083974        0x8 h:/working/windows_installs/winideaopen_old/gcc/arm/bin/../lib/gcc/arm-none-eabi/4.9.3/../../../../arm-none-eabi/lib/armv7-m\libc.a(lib_a-stdio.o)
                0x00083974                __sclose
 .text.__swbuf_r
                0x0008397c       0xa8 h:/working/windows_installs/winideaopen_old/gcc/arm/bin/../lib/gcc/arm-none-eabi/4.9.3/../../../../arm-none-eabi/lib/armv7-m\libc.a(lib_a-wbuf.o)
                0x0008397c                __swbuf_r
 .text._wcrtomb_r
                0x00083a24       0x54 h:/working/windows_installs/winideaopen_old/gcc/arm/bin/../lib/gcc/arm-none-eabi/4.9.3/../../../../arm-none-eabi/lib/armv7-m\libc.a(lib_a-wcrtomb.o)
                0x00083a24                _wcrtomb_r
 .text.__ascii_wctomb
                0x00083a78       0x1c h:/working/windows_installs/winideaopen_old/gcc/arm/bin/../lib/gcc/arm-none-eabi/4.9.3/../../../../arm-none-eabi/lib/armv7-m\libc.a(lib_a-wctomb_r.o)
                0x00083a78                __ascii_wctomb
 .text._write_r
                0x00083a94       0x28 h:/working/windows_installs/winideaopen_old/gcc/arm/bin/../lib/gcc/arm-none-eabi/4.9.3/../../../../arm-none-eabi/lib/armv7-m\libc.a(lib_a-writer.o)
                0x00083a94                _write_r
 .text._close_r
                0x00083abc       0x24 h:/working/windows_installs/winideaopen_old/gcc/arm/bin/../lib/gcc/arm-none-eabi/4.9.3/../../../../arm-none-eabi/lib/armv7-m\libc.a(lib_a-closer.o)
                0x00083abc                _close_r
 .text._fclose_r
                0x00083ae0       0x84 h:/working/windows_installs/winideaopen_old/gcc/arm/bin/../lib/gcc/arm-none-eabi/4.9.3/../../../../arm-none-eabi/lib/armv7-m\libc.a(lib_a-fclose.o)
                0x00083ae0                _fclose_r
 .text._fstat_r
                0x00083b64       0x28 h:/working/windows_installs/winideaopen_old/gcc/arm/bin/../lib/gcc/arm-none-eabi/4.9.3/../../../../arm-none-eabi/lib/armv7-m\libc.a(lib_a-fstatr.o)
                0x00083b64                _fstat_r
 .text._isatty_r
                0x00083b8c       0x24 h:/working/windows_installs/winideaopen_old/gcc/arm/bin/../lib/gcc/arm-none-eabi/4.9.3/../../../../arm-none-eabi/lib/armv7-m\libc.a(lib_a-isattyr.o)
                0x00083b8c                _isatty_r
 .text._lseek_r
                0x00083bb0       0x28 h:/working/windows_installs/winideaopen_old/gcc/arm/bin/../lib/gcc/arm-none-eabi/4.9.3/../../../../arm-none-eabi/lib/armv7-m\libc.a(lib_a-lseekr.o)
                0x00083bb0                _lseek_r
 .text._read_r  0x00083bd8       0x28 h:/working/windows_installs/winideaopen_old/gcc/arm/bin/../lib/gcc/arm-none-eabi/4.9.3/../../../../arm-none-eabi/lib/armv7-m\libc.a(lib_a-readr.o)
                0x00083bd8                _read_r
 .text          0x00083c00       0x30 h:/working/windows_installs/winideaopen_old/gcc/arm/bin/../lib/gcc/arm-none-eabi/4.9.3/armv7-m\libgcc.a(_aeabi_uldivmod.o)
                0x00083c00                __aeabi_uldivmod
 .text          0x00083c30       0x60 h:/working/windows_installs/winideaopen_old/gcc/arm/bin/../lib/gcc/arm-none-eabi/4.9.3/armv7-m\libgcc.a(bpabi.o)
                0x00083c30                __gnu_ldivmod_helper
                0x00083c60                __gnu_uldivmod_helper
 .text          0x00083c90        0x4 h:/working/windows_installs/winideaopen_old/gcc/arm/bin/../lib/gcc/arm-none-eabi/4.9.3/armv7-m\libgcc.a(_dvmd_tls.o)
                0x00083c90                __aeabi_idiv0
                0x00083c90                __aeabi_ldiv0
 .text          0x00083c94      0x2ac h:/working/windows_installs/winideaopen_old/gcc/arm/bin/../lib/gcc/arm-none-eabi/4.9.3/armv7-m\libgcc.a(_divdi3.o)
                0x00083c94                __divdi3
 .text          0x00083f40      0x270 h:/working/windows_installs/winideaopen_old/gcc/arm/bin/../lib/gcc/arm-none-eabi/4.9.3/armv7-m\libgcc.a(_udivdi3.o)
                0x00083f40                __udivdi3
 *(.glue_7t)
 .glue_7t       0x00000000        0x0 linker stubs
 *(.glue_7)
 .glue_7        0x00000000        0x0 linker stubs
 *(.rodata .rodata* .gnu.linkonce.r.*)
 .rodata.str1.4
                0x000841b0        0x2 h:/working/windows_installs/winideaopen_old/gcc/arm/bin/../lib/gcc/arm-none-eabi/4.9.3/../../../../arm-none-eabi/lib/armv7-m\libc.a(lib_a-impure.o)
 *fill*         0x000841b2        0x2 
 .rodata._global_impure_ptr
                0x000841b4        0x4 h:/working/windows_installs/winideaopen_old/gcc/arm/bin/../lib/gcc/arm-none-eabi/4.9.3/../../../../arm-none-eabi/lib/armv7-m\libc.a(lib_a-impure.o)
                0x000841b4                _global_impure_ptr
 .rodata        0x000841b8       0x40 H:\Working\SeaMoss\Projects\2019\ArduinoIdea\WinIDEAOpen-ArduinoCore-Due\Debug\adc.o
 .rodata.g_APinDescription
                0x000841f8      0xa2c H:\Working\SeaMoss\Projects\2019\ArduinoIdea\WinIDEAOpen-ArduinoCore-Due\Debug\variant.o
                0x000841f8                g_APinDescription
 *fill*         0x00084c24        0x4 
 .rodata._ZTV9UARTClass
                0x00084c28       0x2c H:\Working\SeaMoss\Projects\2019\ArduinoIdea\WinIDEAOpen-ArduinoCore-Due\Debug\UARTClass.o
                0x00084c28                vtable for UARTClass
 *fill*         0x00084c54        0x4 
 .rodata._ZTV7TwoWire
                0x00084c58       0x20 H:\Working\SeaMoss\Projects\2019\ArduinoIdea\WinIDEAOpen-ArduinoCore-Due\Debug\Wire.o
                0x00084c58                vtable for TwoWire
 .rodata.__func__.7596
                0x00084c78        0xe H:\Working\SeaMoss\Projects\2019\ArduinoIdea\WinIDEAOpen-ArduinoCore-Due\Debug\twi.o
 .rodata.__func__.7560
                0x00084c86        0xd H:\Working\SeaMoss\Projects\2019\ArduinoIdea\WinIDEAOpen-ArduinoCore-Due\Debug\twi.o
 .rodata.str1.1
                0x00084c93      0x114 H:\Working\SeaMoss\Projects\2019\ArduinoIdea\WinIDEAOpen-ArduinoCore-Due\Debug\twi.o
 .rodata.__func__.7587
                0x00084da7        0xd H:\Working\SeaMoss\Projects\2019\ArduinoIdea\WinIDEAOpen-ArduinoCore-Due\Debug\twi.o
 .rodata.__func__.7565
                0x00084db4        0xe H:\Working\SeaMoss\Projects\2019\ArduinoIdea\WinIDEAOpen-ArduinoCore-Due\Debug\twi.o
 .rodata.__func__.7592
                0x00084dc2        0xe H:\Working\SeaMoss\Projects\2019\ArduinoIdea\WinIDEAOpen-ArduinoCore-Due\Debug\twi.o
 .rodata._ZTV9IPAddress
                0x00084dd0        0xc H:\Working\SeaMoss\Projects\2019\ArduinoIdea\WinIDEAOpen-ArduinoCore-Due\Debug\IPAddress.o
                0x00084dd0                vtable for IPAddress
 *fill*         0x00084ddc        0x4 
 .rodata._ZTV10USARTClass
                0x00084de0       0x2c H:\Working\SeaMoss\Projects\2019\ArduinoIdea\WinIDEAOpen-ArduinoCore-Due\Debug\USARTClass.o
                0x00084de0                vtable for USARTClass
 .rodata.str1.4
                0x00084e0c       0x3f h:/working/windows_installs/winideaopen_old/gcc/arm/bin/../lib/gcc/arm-none-eabi/4.9.3/../../../../arm-none-eabi/lib/armv7-m\libc.a(lib_a-assert.o)
                                 0x43 (size before relaxing)
 *fill*         0x00084e4b        0x1 
 .rodata.zeroes.6869
                0x00084e4c       0x10 h:/working/windows_installs/winideaopen_old/gcc/arm/bin/../lib/gcc/arm-none-eabi/4.9.3/../../../../arm-none-eabi/lib/armv7-m\libc.a(lib_a-vfiprintf.o)
 .rodata.str1.4
                0x00084e5c       0x30 h:/working/windows_installs/winideaopen_old/gcc/arm/bin/../lib/gcc/arm-none-eabi/4.9.3/../../../../arm-none-eabi/lib/armv7-m\libc.a(lib_a-vfiprintf.o)
                                 0x2f (size before relaxing)
 .rodata.blanks.6868
                0x00084e8c       0x10 h:/working/windows_installs/winideaopen_old/gcc/arm/bin/../lib/gcc/arm-none-eabi/4.9.3/../../../../arm-none-eabi/lib/armv7-m\libc.a(lib_a-vfiprintf.o)
 *(.ARM.extab* .gnu.linkonce.armextab.*)
                0x00084e9c                . = ALIGN (0x4)
 *(.init)
 .init          0x00084e9c        0x4 h:/working/windows_installs/winideaopen_old/gcc/arm/bin/../lib/gcc/arm-none-eabi/4.9.3/armv7-m/crti.o
                0x00084e9c                _init
 .init          0x00084ea0        0x8 h:/working/windows_installs/winideaopen_old/gcc/arm/bin/../lib/gcc/arm-none-eabi/4.9.3/armv7-m/crtn.o
                0x00084ea8                . = ALIGN (0x4)
                0x00084ea8                __preinit_array_start = .
 *(.preinit_array)
                0x00084ea8                __preinit_array_end = .
                0x00084ea8                . = ALIGN (0x4)
                0x00084ea8                __init_array_start = .
 *(SORT(.init_array.*))
 .init_array.00000
                0x00084ea8        0x4 h:/working/windows_installs/winideaopen_old/gcc/arm/bin/../lib/gcc/arm-none-eabi/4.9.3/../../../../arm-none-eabi/lib/armv7-m\libc.a(lib_a-__call_atexit.o)
 *(.init_array)
 .init_array    0x00084eac        0x4 h:/working/windows_installs/winideaopen_old/gcc/arm/bin/../lib/gcc/arm-none-eabi/4.9.3/armv7-m/crtbegin.o
 .init_array    0x00084eb0        0x4 H:\Working\SeaMoss\Projects\2019\ArduinoIdea\WinIDEAOpen-ArduinoCore-Due\Debug\variant.o
 .init_array    0x00084eb4        0x4 H:\Working\SeaMoss\Projects\2019\ArduinoIdea\WinIDEAOpen-ArduinoCore-Due\Debug\Wire.o
 .init_array    0x00084eb8        0x4 H:\Working\SeaMoss\Projects\2019\ArduinoIdea\WinIDEAOpen-ArduinoCore-Due\Debug\IPAddress.o
                0x00084ebc                __init_array_end = .
                0x00084ebc                . = ALIGN (0x4)
 *crtbegin.o(.ctors)
 *(EXCLUDE_FILE(*crtend.o) .ctors)
 *(SORT(.ctors.*))
 *crtend.o(.ctors)
                0x00084ebc                . = ALIGN (0x4)
 *(.fini)
 .fini          0x00084ebc        0x4 h:/working/windows_installs/winideaopen_old/gcc/arm/bin/../lib/gcc/arm-none-eabi/4.9.3/armv7-m/crti.o
                0x00084ebc                _fini
 .fini          0x00084ec0        0x8 h:/working/windows_installs/winideaopen_old/gcc/arm/bin/../lib/gcc/arm-none-eabi/4.9.3/armv7-m/crtn.o
                0x00084ec8                . = ALIGN (0x4)
                0x00084ec8                __fini_array_start = .
 *(.fini_array)
 .fini_array    0x00084ec8        0x4 h:/working/windows_installs/winideaopen_old/gcc/arm/bin/../lib/gcc/arm-none-eabi/4.9.3/armv7-m/crtbegin.o
 *(SORT(.fini_array.*))
                0x00084ecc                __fini_array_end = .
 *crtbegin.o(.dtors)
 *(EXCLUDE_FILE(*crtend.o) .dtors)
 *(SORT(.dtors.*))
 *crtend.o(.dtors)
                0x00084ecc                . = ALIGN (0x4)
                0x00084ecc                _efixed = .
                0x00084ecc                PROVIDE (__exidx_start, .)

.vfp11_veneer   0x00084ecc        0x0
 .vfp11_veneer  0x00000000        0x0 linker stubs

.v4_bx          0x00084ecc        0x0
 .v4_bx         0x00000000        0x0 linker stubs

.iplt           0x00084ecc        0x0
 .iplt          0x00000000        0x0 h:/working/windows_installs/winideaopen_old/gcc/arm/bin/../lib/gcc/arm-none-eabi/4.9.3/armv7-m/crtbegin.o

.ARM.exidx      0x00084ecc        0x8
 *(.ARM.exidx* .gnu.linkonce.armexidx.*)
 .ARM.exidx     0x00084ecc        0x8 h:/working/windows_installs/winideaopen_old/gcc/arm/bin/../lib/gcc/arm-none-eabi/4.9.3/armv7-m\libgcc.a(_divdi3.o)
 .ARM.exidx     0x00084ed4        0x0 h:/working/windows_installs/winideaopen_old/gcc/arm/bin/../lib/gcc/arm-none-eabi/4.9.3/armv7-m\libgcc.a(_udivdi3.o)
                                  0x8 (size before relaxing)
                0x00084ed4                PROVIDE (__exidx_end, .)

.eh_frame       0x00084ed4        0x0
 .eh_frame      0x00084ed4        0x0 h:/working/windows_installs/winideaopen_old/gcc/arm/bin/../lib/gcc/arm-none-eabi/4.9.3/armv7-m/crtbegin.o

.rel.dyn        0x00084ed4        0x0
 .rel.iplt      0x00000000        0x0 h:/working/windows_installs/winideaopen_old/gcc/arm/bin/../lib/gcc/arm-none-eabi/4.9.3/armv7-m/crtbegin.o

.jcr            0x00084ed4        0x0
 .jcr           0x00084ed4        0x0 h:/working/windows_installs/winideaopen_old/gcc/arm/bin/../lib/gcc/arm-none-eabi/4.9.3/armv7-m/crtbegin.o

.igot.plt       0x00084ed4        0x0
 .igot.plt      0x00000000        0x0 h:/working/windows_installs/winideaopen_old/gcc/arm/bin/../lib/gcc/arm-none-eabi/4.9.3/armv7-m/crtbegin.o
                0x00084ed4                . = ALIGN (0x4)
                0x00084ed4                _etext = .

.relocate       0x20070000      0x89c load address 0x00084ed4
                0x20070000                . = ALIGN (0x4)
                0x20070000                _srelocate = .
 *(.ramfunc .ramfunc.*)
 .ramfunc       0x20070000       0x2c H:\Working\SeaMoss\Projects\2019\ArduinoIdea\WinIDEAOpen-ArduinoCore-Due\Debug\Reset.o
                0x20070000                banzai
 *(.data .data.*)
 *fill*         0x2007002c        0x4 
 .data.impure_data
                0x20070030      0x428 h:/working/windows_installs/winideaopen_old/gcc/arm/bin/../lib/gcc/arm-none-eabi/4.9.3/../../../../arm-none-eabi/lib/armv7-m\libc.a(lib_a-impure.o)
 .data._impure_ptr
                0x20070458        0x4 h:/working/windows_installs/winideaopen_old/gcc/arm/bin/../lib/gcc/arm-none-eabi/4.9.3/../../../../arm-none-eabi/lib/armv7-m\libc.a(lib_a-impure.o)
                0x20070458                _impure_ptr
 .data.__malloc_av_
                0x2007045c      0x408 h:/working/windows_installs/winideaopen_old/gcc/arm/bin/../lib/gcc/arm-none-eabi/4.9.3/../../../../arm-none-eabi/lib/armv7-m\libc.a(lib_a-mallocr.o)
                0x2007045c                __malloc_av_
 .data.__malloc_trim_threshold
                0x20070864        0x4 h:/working/windows_installs/winideaopen_old/gcc/arm/bin/../lib/gcc/arm-none-eabi/4.9.3/../../../../arm-none-eabi/lib/armv7-m\libc.a(lib_a-mallocr.o)
                0x20070864                __malloc_trim_threshold
 .data.__malloc_sbrk_base
                0x20070868        0x4 h:/working/windows_installs/winideaopen_old/gcc/arm/bin/../lib/gcc/arm-none-eabi/4.9.3/../../../../arm-none-eabi/lib/armv7-m\libc.a(lib_a-mallocr.o)
                0x20070868                __malloc_sbrk_base
 .data.SystemCoreClock
                0x2007086c        0x4 H:\Working\SeaMoss\Projects\2019\ArduinoIdea\WinIDEAOpen-ArduinoCore-Due\Debug\system_sam3xa.o
                0x2007086c                SystemCoreClock
 .data._ZL5ticks
                0x20070870        0x4 H:\Working\SeaMoss\Projects\2019\ArduinoIdea\WinIDEAOpen-ArduinoCore-Due\Debug\Reset.o
 .data.lc_ctype_charset
                0x20070874       0x20 h:/working/windows_installs/winideaopen_old/gcc/arm/bin/../lib/gcc/arm-none-eabi/4.9.3/../../../../arm-none-eabi/lib/armv7-m\libc.a(lib_a-locale.o)
 .data.__mb_cur_max
                0x20070894        0x4 h:/working/windows_installs/winideaopen_old/gcc/arm/bin/../lib/gcc/arm-none-eabi/4.9.3/../../../../arm-none-eabi/lib/armv7-m\libc.a(lib_a-locale.o)
                0x20070894                __mb_cur_max
 .data.__wctomb
                0x20070898        0x4 h:/working/windows_installs/winideaopen_old/gcc/arm/bin/../lib/gcc/arm-none-eabi/4.9.3/../../../../arm-none-eabi/lib/armv7-m\libc.a(lib_a-wctomb_r.o)
                0x20070898                __wctomb
                0x2007089c                . = ALIGN (0x4)
                0x2007089c                _erelocate = .

.bss            0x2007089c      0x8bc load address 0x00085770
                0x2007089c                . = ALIGN (0x4)
                0x2007089c                _sbss = .
                0x2007089c                _szero = .
 *(.bss .bss.*)
 .bss           0x2007089c       0x1c h:/working/windows_installs/winideaopen_old/gcc/arm/bin/../lib/gcc/arm-none-eabi/4.9.3/armv7-m/crtbegin.o
 .bss.__malloc_max_total_mem
                0x200708b8        0x4 h:/working/windows_installs/winideaopen_old/gcc/arm/bin/../lib/gcc/arm-none-eabi/4.9.3/../../../../arm-none-eabi/lib/armv7-m\libc.a(lib_a-mallocr.o)
                0x200708b8                __malloc_max_total_mem
 .bss.__malloc_max_sbrked_mem
                0x200708bc        0x4 h:/working/windows_installs/winideaopen_old/gcc/arm/bin/../lib/gcc/arm-none-eabi/4.9.3/../../../../arm-none-eabi/lib/armv7-m\libc.a(lib_a-mallocr.o)
                0x200708bc                __malloc_max_sbrked_mem
 .bss.__malloc_top_pad
                0x200708c0        0x4 h:/working/windows_installs/winideaopen_old/gcc/arm/bin/../lib/gcc/arm-none-eabi/4.9.3/../../../../arm-none-eabi/lib/armv7-m\libc.a(lib_a-mallocr.o)
                0x200708c0                __malloc_top_pad
 .bss.__malloc_current_mallinfo
                0x200708c4       0x28 h:/working/windows_installs/winideaopen_old/gcc/arm/bin/../lib/gcc/arm-none-eabi/4.9.3/../../../../arm-none-eabi/lib/armv7-m\libc.a(lib_a-mallocr.o)
                0x200708c4                __malloc_current_mallinfo
 .bss.tx_buffer2
                0x200708ec       0x88 H:\Working\SeaMoss\Projects\2019\ArduinoIdea\WinIDEAOpen-ArduinoCore-Due\Debug\variant.o
                0x200708ec                tx_buffer2
 .bss.tx_buffer1
                0x20070974       0x88 H:\Working\SeaMoss\Projects\2019\ArduinoIdea\WinIDEAOpen-ArduinoCore-Due\Debug\variant.o
                0x20070974                tx_buffer1
 .bss.Serial    0x200709fc       0x24 H:\Working\SeaMoss\Projects\2019\ArduinoIdea\WinIDEAOpen-ArduinoCore-Due\Debug\variant.o
                0x200709fc                Serial
 .bss.rx_buffer1
                0x20070a20       0x88 H:\Working\SeaMoss\Projects\2019\ArduinoIdea\WinIDEAOpen-ArduinoCore-Due\Debug\variant.o
                0x20070a20                rx_buffer1
 .bss.Serial1   0x20070aa8       0x28 H:\Working\SeaMoss\Projects\2019\ArduinoIdea\WinIDEAOpen-ArduinoCore-Due\Debug\variant.o
                0x20070aa8                Serial1
 .bss.Serial2   0x20070ad0       0x28 H:\Working\SeaMoss\Projects\2019\ArduinoIdea\WinIDEAOpen-ArduinoCore-Due\Debug\variant.o
                0x20070ad0                Serial2
 .bss.Serial3   0x20070af8       0x28 H:\Working\SeaMoss\Projects\2019\ArduinoIdea\WinIDEAOpen-ArduinoCore-Due\Debug\variant.o
                0x20070af8                Serial3
 .bss.tx_buffer3
                0x20070b20       0x88 H:\Working\SeaMoss\Projects\2019\ArduinoIdea\WinIDEAOpen-ArduinoCore-Due\Debug\variant.o
                0x20070b20                tx_buffer3
 .bss.tx_buffer4
                0x20070ba8       0x88 H:\Working\SeaMoss\Projects\2019\ArduinoIdea\WinIDEAOpen-ArduinoCore-Due\Debug\variant.o
                0x20070ba8                tx_buffer4
 .bss.g_pinStatus
                0x20070c30       0x4f H:\Working\SeaMoss\Projects\2019\ArduinoIdea\WinIDEAOpen-ArduinoCore-Due\Debug\variant.o
                0x20070c30                g_pinStatus
 *fill*         0x20070c7f        0x1 
 .bss.rx_buffer2
                0x20070c80       0x88 H:\Working\SeaMoss\Projects\2019\ArduinoIdea\WinIDEAOpen-ArduinoCore-Due\Debug\variant.o
                0x20070c80                rx_buffer2
 .bss.rx_buffer3
                0x20070d08       0x88 H:\Working\SeaMoss\Projects\2019\ArduinoIdea\WinIDEAOpen-ArduinoCore-Due\Debug\variant.o
                0x20070d08                rx_buffer3
 .bss.rx_buffer4
                0x20070d90       0x88 H:\Working\SeaMoss\Projects\2019\ArduinoIdea\WinIDEAOpen-ArduinoCore-Due\Debug\variant.o
                0x20070d90                rx_buffer4
 .bss.Wire1     0x20070e18       0x94 H:\Working\SeaMoss\Projects\2019\ArduinoIdea\WinIDEAOpen-ArduinoCore-Due\Debug\Wire.o
                0x20070e18                Wire1
 .bss.Wire      0x20070eac       0x94 H:\Working\SeaMoss\Projects\2019\ArduinoIdea\WinIDEAOpen-ArduinoCore-Due\Debug\Wire.o
                0x20070eac                Wire
 .bss._dwTickCount
                0x20070f40        0x4 H:\Working\SeaMoss\Projects\2019\ArduinoIdea\WinIDEAOpen-ArduinoCore-Due\Debug\timetick.o
 .bss.gpf_isr   0x20070f44        0x4 H:\Working\SeaMoss\Projects\2019\ArduinoIdea\WinIDEAOpen-ArduinoCore-Due\Debug\uotghs.o
                0x20070f44                gpf_isr
 .bss._ZL11INADDR_NONE
                0x20070f48        0x8 H:\Working\SeaMoss\Projects\2019\ArduinoIdea\WinIDEAOpen-ArduinoCore-Due\Debug\IPAddress.o
 .bss.heap.6523
                0x20070f50        0x4 H:\Working\SeaMoss\Projects\2019\ArduinoIdea\WinIDEAOpen-ArduinoCore-Due\Debug\syscalls_sam3.o
 .bss.callbacksPioA
                0x20070f54       0x80 H:\Working\SeaMoss\Projects\2019\ArduinoIdea\WinIDEAOpen-ArduinoCore-Due\Debug\WInterrupts.o
 .bss.callbacksPioB
                0x20070fd4       0x80 H:\Working\SeaMoss\Projects\2019\ArduinoIdea\WinIDEAOpen-ArduinoCore-Due\Debug\WInterrupts.o
 .bss.callbacksPioC
                0x20071054       0x80 H:\Working\SeaMoss\Projects\2019\ArduinoIdea\WinIDEAOpen-ArduinoCore-Due\Debug\WInterrupts.o
 .bss.callbacksPioD
                0x200710d4       0x80 H:\Working\SeaMoss\Projects\2019\ArduinoIdea\WinIDEAOpen-ArduinoCore-Due\Debug\WInterrupts.o
 *(COMMON)
 COMMON         0x20071154        0x4 h:/working/windows_installs/winideaopen_old/gcc/arm/bin/../lib/gcc/arm-none-eabi/4.9.3/../../../../arm-none-eabi/lib/armv7-m\libc.a(lib_a-reent.o)
                0x20071154                errno
                0x20071158                . = ALIGN (0x4)
                0x20071158                _ebss = .
                0x20071158                _ezero = .
                0x20071158                . = ALIGN (0x4)
                0x20071158                _end = .

.stack_dummy    0x20071158        0x0
 *(.stack*)
                0x20088000                __StackTop = (ORIGIN (ram) + 0x18000)
                0x20088000                __StackLimit = (__StackTop - SIZEOF (.stack_dummy))
                0x20088000                PROVIDE (_sstack, __StackLimit)
                0x20088000                PROVIDE (_estack, __StackTop)

.ARM.attributes
                0x00000000       0x29
 .ARM.attributes
                0x00000000       0x1d h:/working/windows_installs/winideaopen_old/gcc/arm/bin/../lib/gcc/arm-none-eabi/4.9.3/armv7-m/crti.o
 .ARM.attributes
                0x0000001d       0x2d h:/working/windows_installs/winideaopen_old/gcc/arm/bin/../lib/gcc/arm-none-eabi/4.9.3/armv7-m/crtbegin.o
 .ARM.attributes
                0x0000004a       0x2d h:/working/windows_installs/winideaopen_old/gcc/arm/bin/../lib/gcc/arm-none-eabi/4.9.3/../../../../arm-none-eabi/lib/armv7-m\libc.a(lib_a-impure.o)
 .ARM.attributes
                0x00000077       0x2d h:/working/windows_installs/winideaopen_old/gcc/arm/bin/../lib/gcc/arm-none-eabi/4.9.3/../../../../arm-none-eabi/lib/armv7-m\libc.a(lib_a-init.o)
 .ARM.attributes
                0x000000a4       0x2d h:/working/windows_installs/winideaopen_old/gcc/arm/bin/../lib/gcc/arm-none-eabi/4.9.3/../../../../arm-none-eabi/lib/armv7-m\libc.a(lib_a-memset.o)
 .ARM.attributes
                0x000000d1       0x2d h:/working/windows_installs/winideaopen_old/gcc/arm/bin/../lib/gcc/arm-none-eabi/4.9.3/../../../../arm-none-eabi/lib/armv7-m\libc.a(lib_a-syskill.o)
 .ARM.attributes
                0x000000fe       0x2d h:/working/windows_installs/winideaopen_old/gcc/arm/bin/../lib/gcc/arm-none-eabi/4.9.3/../../../../arm-none-eabi/lib/armv7-m\libc.a(lib_a-__call_atexit.o)
 .ARM.attributes
                0x0000012b       0x2d h:/working/windows_installs/winideaopen_old/gcc/arm/bin/../lib/gcc/arm-none-eabi/4.9.3/../../../../arm-none-eabi/lib/armv7-m\libc.a(lib_a-atexit.o)
 .ARM.attributes
                0x00000158       0x2d h:/working/windows_installs/winideaopen_old/gcc/arm/bin/../lib/gcc/arm-none-eabi/4.9.3/../../../../arm-none-eabi/lib/armv7-m\libc.a(lib_a-fini.o)
 .ARM.attributes
                0x00000185       0x2d h:/working/windows_installs/winideaopen_old/gcc/arm/bin/../lib/gcc/arm-none-eabi/4.9.3/../../../../arm-none-eabi/lib/armv7-m\libc.a(lib_a-signalr.o)
 .ARM.attributes
                0x000001b2       0x2d h:/working/windows_installs/winideaopen_old/gcc/arm/bin/../lib/gcc/arm-none-eabi/4.9.3/../../../../arm-none-eabi/lib/armv7-m\libc.a(lib_a-__atexit.o)
 .ARM.attributes
                0x000001df       0x2d h:/working/windows_installs/winideaopen_old/gcc/arm/bin/../lib/gcc/arm-none-eabi/4.9.3/../../../../arm-none-eabi/lib/armv7-m\libc.a(lib_a-reent.o)
 .ARM.attributes
                0x0000020c       0x2d h:/working/windows_installs/winideaopen_old/gcc/arm/bin/../lib/gcc/arm-none-eabi/4.9.3/../../../../arm-none-eabi/lib/armv7-m\libc.a(lib_a-freer.o)
 .ARM.attributes
                0x00000239       0x2d h:/working/windows_installs/winideaopen_old/gcc/arm/bin/../lib/gcc/arm-none-eabi/4.9.3/../../../../arm-none-eabi/lib/armv7-m\libc.a(lib_a-mallocr.o)
 .ARM.attributes
                0x00000266       0x2d h:/working/windows_installs/winideaopen_old/gcc/arm/bin/../lib/gcc/arm-none-eabi/4.9.3/../../../../arm-none-eabi/lib/armv7-m\libc.a(lib_a-mlock.o)
 .ARM.attributes
                0x00000293       0x2d h:/working/windows_installs/winideaopen_old/gcc/arm/bin/../lib/gcc/arm-none-eabi/4.9.3/../../../../arm-none-eabi/lib/armv7-m\libc.a(lib_a-sbrkr.o)
 .ARM.attributes
                0x000002c0       0x1d h:/working/windows_installs/winideaopen_old/gcc/arm/bin/../lib/gcc/arm-none-eabi/4.9.3/armv7-m/crtn.o
 .ARM.attributes
                0x000002dd       0x33 H:\Working\SeaMoss\Projects\2019\ArduinoIdea\WinIDEAOpen-ArduinoCore-Due\Debug\sketch.o
 .ARM.attributes
                0x00000310       0x33 H:\Working\SeaMoss\Projects\2019\ArduinoIdea\WinIDEAOpen-ArduinoCore-Due\Debug\main.o
 .ARM.attributes
                0x00000343       0x33 H:\Working\SeaMoss\Projects\2019\ArduinoIdea\WinIDEAOpen-ArduinoCore-Due\Debug\adc.o
 .ARM.attributes
                0x00000376       0x33 H:\Working\SeaMoss\Projects\2019\ArduinoIdea\WinIDEAOpen-ArduinoCore-Due\Debug\watchdog.o
 .ARM.attributes
                0x000003a9       0x33 H:\Working\SeaMoss\Projects\2019\ArduinoIdea\WinIDEAOpen-ArduinoCore-Due\Debug\wiring.o
 .ARM.attributes
                0x000003dc       0x33 H:\Working\SeaMoss\Projects\2019\ArduinoIdea\WinIDEAOpen-ArduinoCore-Due\Debug\variant.o
 .ARM.attributes
                0x0000040f       0x33 H:\Working\SeaMoss\Projects\2019\ArduinoIdea\WinIDEAOpen-ArduinoCore-Due\Debug\wdt.o
 .ARM.attributes
                0x00000442       0x33 H:\Working\SeaMoss\Projects\2019\ArduinoIdea\WinIDEAOpen-ArduinoCore-Due\Debug\UARTClass.o
 .ARM.attributes
                0x00000475       0x33 H:\Working\SeaMoss\Projects\2019\ArduinoIdea\WinIDEAOpen-ArduinoCore-Due\Debug\system_sam3xa.o
 .ARM.attributes
                0x000004a8       0x33 H:\Working\SeaMoss\Projects\2019\ArduinoIdea\WinIDEAOpen-ArduinoCore-Due\Debug\wiring_digital.o
 .ARM.attributes
                0x000004db       0x33 H:\Working\SeaMoss\Projects\2019\ArduinoIdea\WinIDEAOpen-ArduinoCore-Due\Debug\wiring_analog.o
 .ARM.attributes
                0x0000050e       0x33 H:\Working\SeaMoss\Projects\2019\ArduinoIdea\WinIDEAOpen-ArduinoCore-Due\Debug\Wire.o
 .ARM.attributes
                0x00000541       0x33 H:\Working\SeaMoss\Projects\2019\ArduinoIdea\WinIDEAOpen-ArduinoCore-Due\Debug\timetick.o
 .ARM.attributes
                0x00000574       0x33 H:\Working\SeaMoss\Projects\2019\ArduinoIdea\WinIDEAOpen-ArduinoCore-Due\Debug\hooks.o
 .ARM.attributes
                0x000005a7       0x33 H:\Working\SeaMoss\Projects\2019\ArduinoIdea\WinIDEAOpen-ArduinoCore-Due\Debug\pio.o
 .ARM.attributes
                0x000005da       0x33 H:\Working\SeaMoss\Projects\2019\ArduinoIdea\WinIDEAOpen-ArduinoCore-Due\Debug\pmc.o
 .ARM.attributes
                0x0000060d       0x33 H:\Working\SeaMoss\Projects\2019\ArduinoIdea\WinIDEAOpen-ArduinoCore-Due\Debug\twi.o
 .ARM.attributes
                0x00000640       0x33 H:\Working\SeaMoss\Projects\2019\ArduinoIdea\WinIDEAOpen-ArduinoCore-Due\Debug\uotghs.o
 .ARM.attributes
                0x00000673       0x33 H:\Working\SeaMoss\Projects\2019\ArduinoIdea\WinIDEAOpen-ArduinoCore-Due\Debug\cortex_handlers.o
 .ARM.attributes
                0x000006a6       0x33 H:\Working\SeaMoss\Projects\2019\ArduinoIdea\WinIDEAOpen-ArduinoCore-Due\Debug\IPAddress.o
 .ARM.attributes
                0x000006d9       0x33 H:\Working\SeaMoss\Projects\2019\ArduinoIdea\WinIDEAOpen-ArduinoCore-Due\Debug\Print.o
 .ARM.attributes
                0x0000070c       0x33 H:\Working\SeaMoss\Projects\2019\ArduinoIdea\WinIDEAOpen-ArduinoCore-Due\Debug\Reset.o
 .ARM.attributes
                0x0000073f       0x33 H:\Working\SeaMoss\Projects\2019\ArduinoIdea\WinIDEAOpen-ArduinoCore-Due\Debug\RingBuffer.o
 .ARM.attributes
                0x00000772       0x33 H:\Working\SeaMoss\Projects\2019\ArduinoIdea\WinIDEAOpen-ArduinoCore-Due\Debug\syscalls_sam3.o
 .ARM.attributes
                0x000007a5       0x33 H:\Working\SeaMoss\Projects\2019\ArduinoIdea\WinIDEAOpen-ArduinoCore-Due\Debug\USARTClass.o
 .ARM.attributes
                0x000007d8       0x33 H:\Working\SeaMoss\Projects\2019\ArduinoIdea\WinIDEAOpen-ArduinoCore-Due\Debug\WInterrupts.o
 .ARM.attributes
                0x0000080b       0x33 H:\Working\SeaMoss\Projects\2019\ArduinoIdea\WinIDEAOpen-ArduinoCore-Due\Debug\startup_sam3xa.o
 .ARM.attributes
                0x0000083e       0x2d h:/working/windows_installs/winideaopen_old/gcc/arm/bin/../lib/gcc/arm-none-eabi/4.9.3/../../../../arm-none-eabi/lib/armv7-m\libc.a(lib_a-assert.o)
 .ARM.attributes
                0x0000086b       0x2d h:/working/windows_installs/winideaopen_old/gcc/arm/bin/../lib/gcc/arm-none-eabi/4.9.3/../../../../arm-none-eabi/lib/armv7-m\libc.a(lib_a-fiprintf.o)
 .ARM.attributes
                0x00000898       0x2d h:/working/windows_installs/winideaopen_old/gcc/arm/bin/../lib/gcc/arm-none-eabi/4.9.3/../../../../arm-none-eabi/lib/armv7-m\libc.a(lib_a-malloc.o)
 .ARM.attributes
                0x000008c5       0x1b h:/working/windows_installs/winideaopen_old/gcc/arm/bin/../lib/gcc/arm-none-eabi/4.9.3/../../../../arm-none-eabi/lib/armv7-m\libc.a(lib_a-memcpy.o)
 .ARM.attributes
                0x000008e0       0x2d h:/working/windows_installs/winideaopen_old/gcc/arm/bin/../lib/gcc/arm-none-eabi/4.9.3/../../../../arm-none-eabi/lib/armv7-m\libc.a(lib_a-memmove.o)
 .ARM.attributes
                0x0000090d       0x2d h:/working/windows_installs/winideaopen_old/gcc/arm/bin/../lib/gcc/arm-none-eabi/4.9.3/../../../../arm-none-eabi/lib/armv7-m\libc.a(lib_a-reallocr.o)
 .ARM.attributes
                0x0000093a       0x2d h:/working/windows_installs/winideaopen_old/gcc/arm/bin/../lib/gcc/arm-none-eabi/4.9.3/../../../../arm-none-eabi/lib/armv7-m\libc.a(lib_a-strlen.o)
 .ARM.attributes
                0x00000967       0x2d h:/working/windows_installs/winideaopen_old/gcc/arm/bin/../lib/gcc/arm-none-eabi/4.9.3/../../../../arm-none-eabi/lib/armv7-m\libc.a(lib_a-vfiprintf.o)
 .ARM.attributes
                0x00000994       0x2d h:/working/windows_installs/winideaopen_old/gcc/arm/bin/../lib/gcc/arm-none-eabi/4.9.3/../../../../arm-none-eabi/lib/armv7-m\libc.a(lib_a-wsetup.o)
 .ARM.attributes
                0x000009c1       0x2d h:/working/windows_installs/winideaopen_old/gcc/arm/bin/../lib/gcc/arm-none-eabi/4.9.3/../../../../arm-none-eabi/lib/armv7-m\libc.a(lib_a-abort.o)
 .ARM.attributes
                0x000009ee       0x2d h:/working/windows_installs/winideaopen_old/gcc/arm/bin/../lib/gcc/arm-none-eabi/4.9.3/../../../../arm-none-eabi/lib/armv7-m\libc.a(lib_a-fflush.o)
 .ARM.attributes
                0x00000a1b       0x2d h:/working/windows_installs/winideaopen_old/gcc/arm/bin/../lib/gcc/arm-none-eabi/4.9.3/../../../../arm-none-eabi/lib/armv7-m\libc.a(lib_a-findfp.o)
 .ARM.attributes
                0x00000a48       0x2d h:/working/windows_installs/winideaopen_old/gcc/arm/bin/../lib/gcc/arm-none-eabi/4.9.3/../../../../arm-none-eabi/lib/armv7-m\libc.a(lib_a-fputwc.o)
 .ARM.attributes
                0x00000a75       0x2d h:/working/windows_installs/winideaopen_old/gcc/arm/bin/../lib/gcc/arm-none-eabi/4.9.3/../../../../arm-none-eabi/lib/armv7-m\libc.a(lib_a-fvwrite.o)
 .ARM.attributes
                0x00000aa2       0x2d h:/working/windows_installs/winideaopen_old/gcc/arm/bin/../lib/gcc/arm-none-eabi/4.9.3/../../../../arm-none-eabi/lib/armv7-m\libc.a(lib_a-fwalk.o)
 .ARM.attributes
                0x00000acf       0x2d h:/working/windows_installs/winideaopen_old/gcc/arm/bin/../lib/gcc/arm-none-eabi/4.9.3/../../../../arm-none-eabi/lib/armv7-m\libc.a(lib_a-locale.o)
 .ARM.attributes
                0x00000afc       0x2d h:/working/windows_installs/winideaopen_old/gcc/arm/bin/../lib/gcc/arm-none-eabi/4.9.3/../../../../arm-none-eabi/lib/armv7-m\libc.a(lib_a-makebuf.o)
 .ARM.attributes
                0x00000b29       0x2d h:/working/windows_installs/winideaopen_old/gcc/arm/bin/../lib/gcc/arm-none-eabi/4.9.3/../../../../arm-none-eabi/lib/armv7-m\libc.a(lib_a-memchr.o)
 .ARM.attributes
                0x00000b56       0x2d h:/working/windows_installs/winideaopen_old/gcc/arm/bin/../lib/gcc/arm-none-eabi/4.9.3/../../../../arm-none-eabi/lib/armv7-m\libc.a(lib_a-signal.o)
 .ARM.attributes
                0x00000b83       0x2d h:/working/windows_installs/winideaopen_old/gcc/arm/bin/../lib/gcc/arm-none-eabi/4.9.3/../../../../arm-none-eabi/lib/armv7-m\libc.a(lib_a-stdio.o)
 .ARM.attributes
                0x00000bb0       0x2d h:/working/windows_installs/winideaopen_old/gcc/arm/bin/../lib/gcc/arm-none-eabi/4.9.3/../../../../arm-none-eabi/lib/armv7-m\libc.a(lib_a-wbuf.o)
 .ARM.attributes
                0x00000bdd       0x2d h:/working/windows_installs/winideaopen_old/gcc/arm/bin/../lib/gcc/arm-none-eabi/4.9.3/../../../../arm-none-eabi/lib/armv7-m\libc.a(lib_a-wcrtomb.o)
 .ARM.attributes
                0x00000c0a       0x2d h:/working/windows_installs/winideaopen_old/gcc/arm/bin/../lib/gcc/arm-none-eabi/4.9.3/../../../../arm-none-eabi/lib/armv7-m\libc.a(lib_a-wctomb_r.o)
 .ARM.attributes
                0x00000c37       0x2d h:/working/windows_installs/winideaopen_old/gcc/arm/bin/../lib/gcc/arm-none-eabi/4.9.3/../../../../arm-none-eabi/lib/armv7-m\libc.a(lib_a-writer.o)
 .ARM.attributes
                0x00000c64       0x2d h:/working/windows_installs/winideaopen_old/gcc/arm/bin/../lib/gcc/arm-none-eabi/4.9.3/../../../../arm-none-eabi/lib/armv7-m\libc.a(lib_a-closer.o)
 .ARM.attributes
                0x00000c91       0x2d h:/working/windows_installs/winideaopen_old/gcc/arm/bin/../lib/gcc/arm-none-eabi/4.9.3/../../../../arm-none-eabi/lib/armv7-m\libc.a(lib_a-fclose.o)
 .ARM.attributes
                0x00000cbe       0x2d h:/working/windows_installs/winideaopen_old/gcc/arm/bin/../lib/gcc/arm-none-eabi/4.9.3/../../../../arm-none-eabi/lib/armv7-m\libc.a(lib_a-fstatr.o)
 .ARM.attributes
                0x00000ceb       0x2d h:/working/windows_installs/winideaopen_old/gcc/arm/bin/../lib/gcc/arm-none-eabi/4.9.3/../../../../arm-none-eabi/lib/armv7-m\libc.a(lib_a-isattyr.o)
 .ARM.attributes
                0x00000d18       0x2d h:/working/windows_installs/winideaopen_old/gcc/arm/bin/../lib/gcc/arm-none-eabi/4.9.3/../../../../arm-none-eabi/lib/armv7-m\libc.a(lib_a-lseekr.o)
 .ARM.attributes
                0x00000d45       0x2d h:/working/windows_installs/winideaopen_old/gcc/arm/bin/../lib/gcc/arm-none-eabi/4.9.3/../../../../arm-none-eabi/lib/armv7-m\libc.a(lib_a-readr.o)
 .ARM.attributes
                0x00000d72       0x1d h:/working/windows_installs/winideaopen_old/gcc/arm/bin/../lib/gcc/arm-none-eabi/4.9.3/armv7-m\libgcc.a(_aeabi_uldivmod.o)
 .ARM.attributes
                0x00000d8f       0x2d h:/working/windows_installs/winideaopen_old/gcc/arm/bin/../lib/gcc/arm-none-eabi/4.9.3/armv7-m\libgcc.a(bpabi.o)
 .ARM.attributes
                0x00000dbc       0x1d h:/working/windows_installs/winideaopen_old/gcc/arm/bin/../lib/gcc/arm-none-eabi/4.9.3/armv7-m\libgcc.a(_dvmd_tls.o)
 .ARM.attributes
                0x00000dd9       0x2d h:/working/windows_installs/winideaopen_old/gcc/arm/bin/../lib/gcc/arm-none-eabi/4.9.3/armv7-m\libgcc.a(_divdi3.o)
 .ARM.attributes
                0x00000e06       0x2d h:/working/windows_installs/winideaopen_old/gcc/arm/bin/../lib/gcc/arm-none-eabi/4.9.3/armv7-m\libgcc.a(_udivdi3.o)

.comment        0x00000000       0x70
 .comment       0x00000000       0x70 H:\Working\SeaMoss\Projects\2019\ArduinoIdea\WinIDEAOpen-ArduinoCore-Due\Debug\sketch.o
                                 0x71 (size before relaxing)
 .comment       0x00000000       0x71 H:\Working\SeaMoss\Projects\2019\ArduinoIdea\WinIDEAOpen-ArduinoCore-Due\Debug\main.o
 .comment       0x00000000       0x71 H:\Working\SeaMoss\Projects\2019\ArduinoIdea\WinIDEAOpen-ArduinoCore-Due\Debug\adc.o
 .comment       0x00000000       0x71 H:\Working\SeaMoss\Projects\2019\ArduinoIdea\WinIDEAOpen-ArduinoCore-Due\Debug\watchdog.o
 .comment       0x00000000       0x71 H:\Working\SeaMoss\Projects\2019\ArduinoIdea\WinIDEAOpen-ArduinoCore-Due\Debug\wiring.o
 .comment       0x00000000       0x71 H:\Working\SeaMoss\Projects\2019\ArduinoIdea\WinIDEAOpen-ArduinoCore-Due\Debug\variant.o
 .comment       0x00000000       0x71 H:\Working\SeaMoss\Projects\2019\ArduinoIdea\WinIDEAOpen-ArduinoCore-Due\Debug\wdt.o
 .comment       0x00000000       0x71 H:\Working\SeaMoss\Projects\2019\ArduinoIdea\WinIDEAOpen-ArduinoCore-Due\Debug\UARTClass.o
 .comment       0x00000000       0x71 H:\Working\SeaMoss\Projects\2019\ArduinoIdea\WinIDEAOpen-ArduinoCore-Due\Debug\system_sam3xa.o
 .comment       0x00000000       0x71 H:\Working\SeaMoss\Projects\2019\ArduinoIdea\WinIDEAOpen-ArduinoCore-Due\Debug\wiring_digital.o
 .comment       0x00000000       0x71 H:\Working\SeaMoss\Projects\2019\ArduinoIdea\WinIDEAOpen-ArduinoCore-Due\Debug\wiring_analog.o
 .comment       0x00000000       0x71 H:\Working\SeaMoss\Projects\2019\ArduinoIdea\WinIDEAOpen-ArduinoCore-Due\Debug\Wire.o
 .comment       0x00000000       0x71 H:\Working\SeaMoss\Projects\2019\ArduinoIdea\WinIDEAOpen-ArduinoCore-Due\Debug\timetick.o
 .comment       0x00000000       0x71 H:\Working\SeaMoss\Projects\2019\ArduinoIdea\WinIDEAOpen-ArduinoCore-Due\Debug\hooks.o
 .comment       0x00000000       0x71 H:\Working\SeaMoss\Projects\2019\ArduinoIdea\WinIDEAOpen-ArduinoCore-Due\Debug\pio.o
 .comment       0x00000000       0x71 H:\Working\SeaMoss\Projects\2019\ArduinoIdea\WinIDEAOpen-ArduinoCore-Due\Debug\pmc.o
 .comment       0x00000000       0x71 H:\Working\SeaMoss\Projects\2019\ArduinoIdea\WinIDEAOpen-ArduinoCore-Due\Debug\twi.o
 .comment       0x00000000       0x71 H:\Working\SeaMoss\Projects\2019\ArduinoIdea\WinIDEAOpen-ArduinoCore-Due\Debug\uotghs.o
 .comment       0x00000000       0x71 H:\Working\SeaMoss\Projects\2019\ArduinoIdea\WinIDEAOpen-ArduinoCore-Due\Debug\cortex_handlers.o
 .comment       0x00000000       0x71 H:\Working\SeaMoss\Projects\2019\ArduinoIdea\WinIDEAOpen-ArduinoCore-Due\Debug\IPAddress.o
 .comment       0x00000000       0x71 H:\Working\SeaMoss\Projects\2019\ArduinoIdea\WinIDEAOpen-ArduinoCore-Due\Debug\Print.o
 .comment       0x00000000       0x71 H:\Working\SeaMoss\Projects\2019\ArduinoIdea\WinIDEAOpen-ArduinoCore-Due\Debug\Reset.o
 .comment       0x00000000       0x71 H:\Working\SeaMoss\Projects\2019\ArduinoIdea\WinIDEAOpen-ArduinoCore-Due\Debug\RingBuffer.o
 .comment       0x00000000       0x71 H:\Working\SeaMoss\Projects\2019\ArduinoIdea\WinIDEAOpen-ArduinoCore-Due\Debug\syscalls_sam3.o
 .comment       0x00000000       0x71 H:\Working\SeaMoss\Projects\2019\ArduinoIdea\WinIDEAOpen-ArduinoCore-Due\Debug\USARTClass.o
 .comment       0x00000000       0x71 H:\Working\SeaMoss\Projects\2019\ArduinoIdea\WinIDEAOpen-ArduinoCore-Due\Debug\WInterrupts.o
 .comment       0x00000000       0x71 H:\Working\SeaMoss\Projects\2019\ArduinoIdea\WinIDEAOpen-ArduinoCore-Due\Debug\startup_sam3xa.o
END GROUP
OUTPUT(output.elf elf32-littlearm)

.debug_frame    0x00000000     0x26f8
 .debug_frame   0x00000000       0x2c h:/working/windows_installs/winideaopen_old/gcc/arm/bin/../lib/gcc/arm-none-eabi/4.9.3/../../../../arm-none-eabi/lib/armv7-m\libc.a(lib_a-init.o)
 .debug_frame   0x0000002c       0x34 h:/working/windows_installs/winideaopen_old/gcc/arm/bin/../lib/gcc/arm-none-eabi/4.9.3/../../../../arm-none-eabi/lib/armv7-m\libc.a(lib_a-memset.o)
 .debug_frame   0x00000060       0x20 h:/working/windows_installs/winideaopen_old/gcc/arm/bin/../lib/gcc/arm-none-eabi/4.9.3/../../../../arm-none-eabi/lib/armv7-m\libc.a(lib_a-syskill.o)
 .debug_frame   0x00000080       0x50 h:/working/windows_installs/winideaopen_old/gcc/arm/bin/../lib/gcc/arm-none-eabi/4.9.3/../../../../arm-none-eabi/lib/armv7-m\libc.a(lib_a-__call_atexit.o)
 .debug_frame   0x000000d0       0x20 h:/working/windows_installs/winideaopen_old/gcc/arm/bin/../lib/gcc/arm-none-eabi/4.9.3/../../../../arm-none-eabi/lib/armv7-m\libc.a(lib_a-atexit.o)
 .debug_frame   0x000000f0       0x34 h:/working/windows_installs/winideaopen_old/gcc/arm/bin/../lib/gcc/arm-none-eabi/4.9.3/../../../../arm-none-eabi/lib/armv7-m\libc.a(lib_a-fini.o)
 .debug_frame   0x00000124       0x3c h:/working/windows_installs/winideaopen_old/gcc/arm/bin/../lib/gcc/arm-none-eabi/4.9.3/../../../../arm-none-eabi/lib/armv7-m\libc.a(lib_a-signalr.o)
 .debug_frame   0x00000160       0x34 h:/working/windows_installs/winideaopen_old/gcc/arm/bin/../lib/gcc/arm-none-eabi/4.9.3/../../../../arm-none-eabi/lib/armv7-m\libc.a(lib_a-__atexit.o)
 .debug_frame   0x00000194       0x58 h:/working/windows_installs/winideaopen_old/gcc/arm/bin/../lib/gcc/arm-none-eabi/4.9.3/../../../../arm-none-eabi/lib/armv7-m\libc.a(lib_a-reent.o)
 .debug_frame   0x000001ec       0x74 h:/working/windows_installs/winideaopen_old/gcc/arm/bin/../lib/gcc/arm-none-eabi/4.9.3/../../../../arm-none-eabi/lib/armv7-m\libc.a(lib_a-freer.o)
 .debug_frame   0x00000260       0x54 h:/working/windows_installs/winideaopen_old/gcc/arm/bin/../lib/gcc/arm-none-eabi/4.9.3/../../../../arm-none-eabi/lib/armv7-m\libc.a(lib_a-mallocr.o)
 .debug_frame   0x000002b4       0x30 h:/working/windows_installs/winideaopen_old/gcc/arm/bin/../lib/gcc/arm-none-eabi/4.9.3/../../../../arm-none-eabi/lib/armv7-m\libc.a(lib_a-mlock.o)
 .debug_frame   0x000002e4       0x2c h:/working/windows_installs/winideaopen_old/gcc/arm/bin/../lib/gcc/arm-none-eabi/4.9.3/../../../../arm-none-eabi/lib/armv7-m\libc.a(lib_a-sbrkr.o)
 .debug_frame   0x00000310       0x3c H:\Working\SeaMoss\Projects\2019\ArduinoIdea\WinIDEAOpen-ArduinoCore-Due\Debug\sketch.o
 .debug_frame   0x0000034c       0x38 H:\Working\SeaMoss\Projects\2019\ArduinoIdea\WinIDEAOpen-ArduinoCore-Due\Debug\main.o
 .debug_frame   0x00000384      0x2f8 H:\Working\SeaMoss\Projects\2019\ArduinoIdea\WinIDEAOpen-ArduinoCore-Due\Debug\adc.o
 .debug_frame   0x0000067c       0x50 H:\Working\SeaMoss\Projects\2019\ArduinoIdea\WinIDEAOpen-ArduinoCore-Due\Debug\watchdog.o
 .debug_frame   0x000006cc       0x5c H:\Working\SeaMoss\Projects\2019\ArduinoIdea\WinIDEAOpen-ArduinoCore-Due\Debug\wiring.o
 .debug_frame   0x00000728       0xfc H:\Working\SeaMoss\Projects\2019\ArduinoIdea\WinIDEAOpen-ArduinoCore-Due\Debug\variant.o
 .debug_frame   0x00000824       0x60 H:\Working\SeaMoss\Projects\2019\ArduinoIdea\WinIDEAOpen-ArduinoCore-Due\Debug\wdt.o
 .debug_frame   0x00000884      0x13c H:\Working\SeaMoss\Projects\2019\ArduinoIdea\WinIDEAOpen-ArduinoCore-Due\Debug\UARTClass.o
 .debug_frame   0x000009c0       0x48 H:\Working\SeaMoss\Projects\2019\ArduinoIdea\WinIDEAOpen-ArduinoCore-Due\Debug\system_sam3xa.o
 .debug_frame   0x00000a08       0x84 H:\Working\SeaMoss\Projects\2019\ArduinoIdea\WinIDEAOpen-ArduinoCore-Due\Debug\wiring_digital.o
 .debug_frame   0x00000a8c       0xdc H:\Working\SeaMoss\Projects\2019\ArduinoIdea\WinIDEAOpen-ArduinoCore-Due\Debug\wiring_analog.o
 .debug_frame   0x00000b68      0x2e0 H:\Working\SeaMoss\Projects\2019\ArduinoIdea\WinIDEAOpen-ArduinoCore-Due\Debug\Wire.o
 .debug_frame   0x00000e48       0x70 H:\Working\SeaMoss\Projects\2019\ArduinoIdea\WinIDEAOpen-ArduinoCore-Due\Debug\timetick.o
 .debug_frame   0x00000eb8       0x40 H:\Working\SeaMoss\Projects\2019\ArduinoIdea\WinIDEAOpen-ArduinoCore-Due\Debug\hooks.o
 .debug_frame   0x00000ef8       0xd8 H:\Working\SeaMoss\Projects\2019\ArduinoIdea\WinIDEAOpen-ArduinoCore-Due\Debug\pio.o
 .debug_frame   0x00000fd0      0x358 H:\Working\SeaMoss\Projects\2019\ArduinoIdea\WinIDEAOpen-ArduinoCore-Due\Debug\pmc.o
 .debug_frame   0x00001328      0x1ac H:\Working\SeaMoss\Projects\2019\ArduinoIdea\WinIDEAOpen-ArduinoCore-Due\Debug\twi.o
 .debug_frame   0x000014d4       0x20 H:\Working\SeaMoss\Projects\2019\ArduinoIdea\WinIDEAOpen-ArduinoCore-Due\Debug\uotghs.o
 .debug_frame   0x000014f4       0x60 H:\Working\SeaMoss\Projects\2019\ArduinoIdea\WinIDEAOpen-ArduinoCore-Due\Debug\cortex_handlers.o
 .debug_frame   0x00001554       0xe4 H:\Working\SeaMoss\Projects\2019\ArduinoIdea\WinIDEAOpen-ArduinoCore-Due\Debug\IPAddress.o
 .debug_frame   0x00001638      0x2f4 H:\Working\SeaMoss\Projects\2019\ArduinoIdea\WinIDEAOpen-ArduinoCore-Due\Debug\Print.o
 .debug_frame   0x0000192c       0x58 H:\Working\SeaMoss\Projects\2019\ArduinoIdea\WinIDEAOpen-ArduinoCore-Due\Debug\Reset.o
 .debug_frame   0x00001984       0x38 H:\Working\SeaMoss\Projects\2019\ArduinoIdea\WinIDEAOpen-ArduinoCore-Due\Debug\RingBuffer.o
 .debug_frame   0x000019bc       0xc8 H:\Working\SeaMoss\Projects\2019\ArduinoIdea\WinIDEAOpen-ArduinoCore-Due\Debug\syscalls_sam3.o
 .debug_frame   0x00001a84       0x70 H:\Working\SeaMoss\Projects\2019\ArduinoIdea\WinIDEAOpen-ArduinoCore-Due\Debug\USARTClass.o
 .debug_frame   0x00001af4       0xb4 H:\Working\SeaMoss\Projects\2019\ArduinoIdea\WinIDEAOpen-ArduinoCore-Due\Debug\WInterrupts.o
 .debug_frame   0x00001ba8       0x28 H:\Working\SeaMoss\Projects\2019\ArduinoIdea\WinIDEAOpen-ArduinoCore-Due\Debug\startup_sam3xa.o
 .debug_frame   0x00001bd0       0x40 h:/working/windows_installs/winideaopen_old/gcc/arm/bin/../lib/gcc/arm-none-eabi/4.9.3/../../../../arm-none-eabi/lib/armv7-m\libc.a(lib_a-assert.o)
 .debug_frame   0x00001c10       0x74 h:/working/windows_installs/winideaopen_old/gcc/arm/bin/../lib/gcc/arm-none-eabi/4.9.3/../../../../arm-none-eabi/lib/armv7-m\libc.a(lib_a-fiprintf.o)
 .debug_frame   0x00001c84       0x30 h:/working/windows_installs/winideaopen_old/gcc/arm/bin/../lib/gcc/arm-none-eabi/4.9.3/../../../../arm-none-eabi/lib/armv7-m\libc.a(lib_a-malloc.o)
 .debug_frame   0x00001cb4       0x30 h:/working/windows_installs/winideaopen_old/gcc/arm/bin/../lib/gcc/arm-none-eabi/4.9.3/../../../../arm-none-eabi/lib/armv7-m\libc.a(lib_a-memmove.o)
 .debug_frame   0x00001ce4       0x58 h:/working/windows_installs/winideaopen_old/gcc/arm/bin/../lib/gcc/arm-none-eabi/4.9.3/../../../../arm-none-eabi/lib/armv7-m\libc.a(lib_a-reallocr.o)
 .debug_frame   0x00001d3c       0x20 h:/working/windows_installs/winideaopen_old/gcc/arm/bin/../lib/gcc/arm-none-eabi/4.9.3/../../../../arm-none-eabi/lib/armv7-m\libc.a(lib_a-strlen.o)
 .debug_frame   0x00001d5c       0xd8 h:/working/windows_installs/winideaopen_old/gcc/arm/bin/../lib/gcc/arm-none-eabi/4.9.3/../../../../arm-none-eabi/lib/armv7-m\libc.a(lib_a-vfiprintf.o)
 .debug_frame   0x00001e34       0x2c h:/working/windows_installs/winideaopen_old/gcc/arm/bin/../lib/gcc/arm-none-eabi/4.9.3/../../../../arm-none-eabi/lib/armv7-m\libc.a(lib_a-wsetup.o)
 .debug_frame   0x00001e60       0x28 h:/working/windows_installs/winideaopen_old/gcc/arm/bin/../lib/gcc/arm-none-eabi/4.9.3/../../../../arm-none-eabi/lib/armv7-m\libc.a(lib_a-abort.o)
 .debug_frame   0x00001e88       0x6c h:/working/windows_installs/winideaopen_old/gcc/arm/bin/../lib/gcc/arm-none-eabi/4.9.3/../../../../arm-none-eabi/lib/armv7-m\libc.a(lib_a-fflush.o)
 .debug_frame   0x00001ef4      0x124 h:/working/windows_installs/winideaopen_old/gcc/arm/bin/../lib/gcc/arm-none-eabi/4.9.3/../../../../arm-none-eabi/lib/armv7-m\libc.a(lib_a-findfp.o)
 .debug_frame   0x00002018       0x84 h:/working/windows_installs/winideaopen_old/gcc/arm/bin/../lib/gcc/arm-none-eabi/4.9.3/../../../../arm-none-eabi/lib/armv7-m\libc.a(lib_a-fputwc.o)
 .debug_frame   0x0000209c       0x68 h:/working/windows_installs/winideaopen_old/gcc/arm/bin/../lib/gcc/arm-none-eabi/4.9.3/../../../../arm-none-eabi/lib/armv7-m\libc.a(lib_a-fvwrite.o)
 .debug_frame   0x00002104       0x54 h:/working/windows_installs/winideaopen_old/gcc/arm/bin/../lib/gcc/arm-none-eabi/4.9.3/../../../../arm-none-eabi/lib/armv7-m\libc.a(lib_a-fwalk.o)
 .debug_frame   0x00002158       0x9c h:/working/windows_installs/winideaopen_old/gcc/arm/bin/../lib/gcc/arm-none-eabi/4.9.3/../../../../arm-none-eabi/lib/armv7-m\libc.a(lib_a-locale.o)
 .debug_frame   0x000021f4       0x48 h:/working/windows_installs/winideaopen_old/gcc/arm/bin/../lib/gcc/arm-none-eabi/4.9.3/../../../../arm-none-eabi/lib/armv7-m\libc.a(lib_a-makebuf.o)
 .debug_frame   0x0000223c       0x3c h:/working/windows_installs/winideaopen_old/gcc/arm/bin/../lib/gcc/arm-none-eabi/4.9.3/../../../../arm-none-eabi/lib/armv7-m\libc.a(lib_a-memchr.o)
 .debug_frame   0x00002278       0xe4 h:/working/windows_installs/winideaopen_old/gcc/arm/bin/../lib/gcc/arm-none-eabi/4.9.3/../../../../arm-none-eabi/lib/armv7-m\libc.a(lib_a-signal.o)
 .debug_frame   0x0000235c       0x88 h:/working/windows_installs/winideaopen_old/gcc/arm/bin/../lib/gcc/arm-none-eabi/4.9.3/../../../../arm-none-eabi/lib/armv7-m\libc.a(lib_a-stdio.o)
 .debug_frame   0x000023e4       0x3c h:/working/windows_installs/winideaopen_old/gcc/arm/bin/../lib/gcc/arm-none-eabi/4.9.3/../../../../arm-none-eabi/lib/armv7-m\libc.a(lib_a-wbuf.o)
 .debug_frame   0x00002420       0x60 h:/working/windows_installs/winideaopen_old/gcc/arm/bin/../lib/gcc/arm-none-eabi/4.9.3/../../../../arm-none-eabi/lib/armv7-m\libc.a(lib_a-wcrtomb.o)
 .debug_frame   0x00002480       0x48 h:/working/windows_installs/winideaopen_old/gcc/arm/bin/../lib/gcc/arm-none-eabi/4.9.3/../../../../arm-none-eabi/lib/armv7-m\libc.a(lib_a-wctomb_r.o)
 .debug_frame   0x000024c8       0x2c h:/working/windows_installs/winideaopen_old/gcc/arm/bin/../lib/gcc/arm-none-eabi/4.9.3/../../../../arm-none-eabi/lib/armv7-m\libc.a(lib_a-writer.o)
 .debug_frame   0x000024f4       0x2c h:/working/windows_installs/winideaopen_old/gcc/arm/bin/../lib/gcc/arm-none-eabi/4.9.3/../../../../arm-none-eabi/lib/armv7-m\libc.a(lib_a-closer.o)
 .debug_frame   0x00002520       0x44 h:/working/windows_installs/winideaopen_old/gcc/arm/bin/../lib/gcc/arm-none-eabi/4.9.3/../../../../arm-none-eabi/lib/armv7-m\libc.a(lib_a-fclose.o)
 .debug_frame   0x00002564       0x2c h:/working/windows_installs/winideaopen_old/gcc/arm/bin/../lib/gcc/arm-none-eabi/4.9.3/../../../../arm-none-eabi/lib/armv7-m\libc.a(lib_a-fstatr.o)
 .debug_frame   0x00002590       0x2c h:/working/windows_installs/winideaopen_old/gcc/arm/bin/../lib/gcc/arm-none-eabi/4.9.3/../../../../arm-none-eabi/lib/armv7-m\libc.a(lib_a-isattyr.o)
 .debug_frame   0x000025bc       0x2c h:/working/windows_installs/winideaopen_old/gcc/arm/bin/../lib/gcc/arm-none-eabi/4.9.3/../../../../arm-none-eabi/lib/armv7-m\libc.a(lib_a-lseekr.o)
 .debug_frame   0x000025e8       0x2c h:/working/windows_installs/winideaopen_old/gcc/arm/bin/../lib/gcc/arm-none-eabi/4.9.3/../../../../arm-none-eabi/lib/armv7-m\libc.a(lib_a-readr.o)
 .debug_frame   0x00002614       0x28 h:/working/windows_installs/winideaopen_old/gcc/arm/bin/../lib/gcc/arm-none-eabi/4.9.3/armv7-m\libgcc.a(_aeabi_uldivmod.o)
 .debug_frame   0x0000263c       0x54 h:/working/windows_installs/winideaopen_old/gcc/arm/bin/../lib/gcc/arm-none-eabi/4.9.3/armv7-m\libgcc.a(bpabi.o)
 .debug_frame   0x00002690       0x34 h:/working/windows_installs/winideaopen_old/gcc/arm/bin/../lib/gcc/arm-none-eabi/4.9.3/armv7-m\libgcc.a(_divdi3.o)
 .debug_frame   0x000026c4       0x34 h:/working/windows_installs/winideaopen_old/gcc/arm/bin/../lib/gcc/arm-none-eabi/4.9.3/armv7-m\libgcc.a(_udivdi3.o)

.debug_info     0x00000000    0x1590c